Archive member included to satisfy reference by file (symbol)

C:\Users\Quant\AppData\Local\Temp\VMBuilds\SnakeGame_Beta_0.07_4-16-2020\energia_energia_tivac_EK-TM4C123GXL\Debug/core.a(startup_gcc.c.o)
                              (ResetISR)
C:\Users\Quant\AppData\Local\Temp\VMBuilds\SnakeGame_Beta_0.07_4-16-2020\energia_energia_tivac_EK-TM4C123GXL\Debug/core.a(WInterrupts.c.o)
                              C:\Users\Quant\AppData\Local\Temp\VMBuilds\SnakeGame_Beta_0.07_4-16-2020\energia_energia_tivac_EK-TM4C123GXL\Debug/core.a(startup_gcc.c.o) (GPIOAIntHandler)
C:\Users\Quant\AppData\Local\Temp\VMBuilds\SnakeGame_Beta_0.07_4-16-2020\energia_energia_tivac_EK-TM4C123GXL\Debug/core.a(wiring.c.o)
                              SnakeGame_Beta_0.07_4-16-2020.cpp.o (millis)
C:\Users\Quant\AppData\Local\Temp\VMBuilds\SnakeGame_Beta_0.07_4-16-2020\energia_energia_tivac_EK-TM4C123GXL\Debug/core.a(wiring_analog.c.o)
                              SnakeGame_Beta_0.07_4-16-2020.cpp.o (analogWrite)
C:\Users\Quant\AppData\Local\Temp\VMBuilds\SnakeGame_Beta_0.07_4-16-2020\energia_energia_tivac_EK-TM4C123GXL\Debug/core.a(wiring_digital.c.o)
                              SnakeGame_Beta_0.07_4-16-2020.cpp.o (pinMode)
C:\Users\Quant\AppData\Local\Temp\VMBuilds\SnakeGame_Beta_0.07_4-16-2020\energia_energia_tivac_EK-TM4C123GXL\Debug/core.a(HardwareSerial.cpp.o)
                              SnakeGame_Beta_0.07_4-16-2020.cpp.o (HardwareSerial::begin(unsigned long))
C:\Users\Quant\AppData\Local\Temp\VMBuilds\SnakeGame_Beta_0.07_4-16-2020\energia_energia_tivac_EK-TM4C123GXL\Debug/core.a(main.cpp.o)
                              C:\Users\Quant\AppData\Local\Temp\VMBuilds\SnakeGame_Beta_0.07_4-16-2020\energia_energia_tivac_EK-TM4C123GXL\Debug/core.a(startup_gcc.c.o) (_init)
C:\Users\Quant\AppData\Local\Temp\VMBuilds\SnakeGame_Beta_0.07_4-16-2020\energia_energia_tivac_EK-TM4C123GXL\Debug/core.a(new.cpp.o)
                              SnakeGame_Beta_0.07_4-16-2020.cpp.o (operator new(unsigned int))
C:\Users\Quant\AppData\Local\Temp\VMBuilds\SnakeGame_Beta_0.07_4-16-2020\energia_energia_tivac_EK-TM4C123GXL\Debug/core.a(Print.cpp.o)
                              Adafruit_GFX_Library\Adafruit_GFX.cpp.o (Print::write(unsigned char const*, unsigned int))
C:\Users\Quant\AppData\Local\Temp\VMBuilds\SnakeGame_Beta_0.07_4-16-2020\energia_energia_tivac_EK-TM4C123GXL\Debug/core.a(WMath.cpp.o)
                              SnakeGame_Beta_0.07_4-16-2020.cpp.o (randomSeed(unsigned int))
C:\Users\Quant\AppData\Local\Temp\VMBuilds\SnakeGame_Beta_0.07_4-16-2020\energia_energia_tivac_EK-TM4C123GXL\Debug/core.a(random.c.o)
                              C:\Users\Quant\AppData\Local\Temp\VMBuilds\SnakeGame_Beta_0.07_4-16-2020\energia_energia_tivac_EK-TM4C123GXL\Debug/core.a(WMath.cpp.o) (random)
C:\Users\Quant\AppData\Local\Energia15\packages\energia\hardware\tivac\1.0.3\system/driverlib/libdriverlib.a(eeprom.o)
                              C:\Users\Quant\AppData\Local\Temp\VMBuilds\SnakeGame_Beta_0.07_4-16-2020\energia_energia_tivac_EK-TM4C123GXL\Debug/core.a(main.cpp.o) (EEPROMMassErase)
C:\Users\Quant\AppData\Local\Energia15\packages\energia\hardware\tivac\1.0.3\system/driverlib/libdriverlib.a(gpio.o)
                              C:\Users\Quant\AppData\Local\Temp\VMBuilds\SnakeGame_Beta_0.07_4-16-2020\energia_energia_tivac_EK-TM4C123GXL\Debug/core.a(wiring_digital.c.o) (GPIOPadConfigSet)
C:\Users\Quant\AppData\Local\Energia15\packages\energia\hardware\tivac\1.0.3\system/driverlib/libdriverlib.a(interrupt.o)
                              C:\Users\Quant\AppData\Local\Energia15\packages\energia\hardware\tivac\1.0.3\system/driverlib/libdriverlib.a(gpio.o) (IntRegister)
C:\Users\Quant\AppData\Local\Energia15\packages\energia\hardware\tivac\1.0.3\system/driverlib/libdriverlib.a(sysctl.o)
                              C:\Users\Quant\AppData\Local\Energia15\packages\energia\hardware\tivac\1.0.3\system/driverlib/libdriverlib.a(eeprom.o) (SysCtlPeripheralReset)
C:\Users\Quant\AppData\Local\Energia15\packages\energia\hardware\tivac\1.0.3\system/driverlib/libdriverlib.a(cpu.o)
                              C:\Users\Quant\AppData\Local\Energia15\packages\energia\hardware\tivac\1.0.3\system/driverlib/libdriverlib.a(interrupt.o) (CPUcpsid)
c:/users/quant/appdata/local/energia15/packages/energia/tools/arm-none-eabi-gcc/6.3.1-20170620/bin/../lib/gcc/arm-none-eabi/6.3.1/../../../../arm-none-eabi/lib/thumb/v7e-m/fpv4-sp/hard\libc_nano.a(lib_a-malloc.o)
                              Adafruit_GFX_Library\Adafruit_GFX.cpp.o (malloc)
c:/users/quant/appdata/local/energia15/packages/energia/tools/arm-none-eabi-gcc/6.3.1-20170620/bin/../lib/gcc/arm-none-eabi/6.3.1/../../../../arm-none-eabi/lib/thumb/v7e-m/fpv4-sp/hard\libc_nano.a(lib_a-memset.o)
                              Adafruit_GFX_Library\Adafruit_GFX.cpp.o (memset)
[...]
Memory Configuration

Name             Origin             Length             Attributes
flash            0x00000000         0x00040000         xr
ram              0x20000000         0x00008000         xrw
*default*        0x00000000         0xffffffff

Linker script and memory map

START GROUP
LOAD SnakeGame_Beta_0.07_4-16-2020.cpp.o
LOAD Adafruit_GFX_Library\glcdfont.c.o
LOAD Adafruit_GFX_Library\Adafruit_GFX.cpp.o
LOAD Adafruit_GFX_Library\Adafruit_SPITFT.cpp.o
LOAD Adafruit_ST7735_and_ST7789_Library\Adafruit_ST7735.cpp.o
LOAD Adafruit_ST7735_and_ST7789_Library\Adafruit_ST7789.cpp.o
LOAD Adafruit_ST7735_and_ST7789_Library\Adafruit_ST77xx.cpp.o
LOAD spiE-TIVAC-SPI-master\spiE.cpp.o
LOAD C:\Users\Quant\AppData\Local\Temp\VMBuilds\SnakeGame_Beta_0.07_4-16-2020\energia_energia_tivac_EK-TM4C123GXL\Debug/core.a
END GROUP
LOAD C:\Users\Quant\AppData\Local\Energia15\packages\energia\hardware\tivac\1.0.3\system/driverlib/libdriverlib.a
LOAD c:/users/quant/appdata/local/energia15/packages/energia/tools/arm-none-eabi-gcc/6.3.1-20170620/bin/../lib/gcc/arm-none-eabi/6.3.1/../../../../arm-none-eabi/lib/thumb/v7e-m/fpv4-sp/hard\libm.a
LOAD c:/users/quant/appdata/local/energia15/packages/energia/tools/arm-none-eabi-gcc/6.3.1-20170620/bin/../lib/gcc/arm-none-eabi/6.3.1/../../../../arm-none-eabi/lib/thumb/v7e-m/fpv4-sp/hard\libc_nano.a
LOAD c:/users/quant/appdata/local/energia15/packages/energia/tools/arm-none-eabi-gcc/6.3.1-20170620/bin/../lib/gcc/arm-none-eabi/6.3.1\libgcc.a

.text           0x00000000     0x48e4
                0x00000000                . = ALIGN (0x4)
                0x00000000                _text = .
 *(.isr_vector)
 .isr_vector    0x00000000      0x26c C:\Users\Quant\AppData\Local\Temp\VMBuilds\SnakeGame_Beta_0.07_4-16-2020\energia_energia_tivac_EK-TM4C123GXL\Debug/core.a(startup_gcc.c.o)
                0x00000000                g_pfnVectors
 *(.text .text* .gnu.linkonce.t.*)
 .text._Z13pressedButtonv
                0x0000026c        0xc SnakeGame_Beta_0.07_4-16-2020.cpp.o
                0x0000026c                pressedButton()
 .text._Z10controllerh
                0x00000278       0x7c SnakeGame_Beta_0.07_4-16-2020.cpp.o
                0x00000278                controller(unsigned char)
 .text.startup._GLOBAL__sub_I_tft
                0x000002f4       0x20 SnakeGame_Beta_0.07_4-16-2020.cpp.o
 .text.setup    0x00000314       0x60 SnakeGame_Beta_0.07_4-16-2020.cpp.o
                0x00000314                setup
 .text._ZN5Snake10PrintScoreEv
                0x00000374       0xf4 SnakeGame_Beta_0.07_4-16-2020.cpp.o
                0x00000374                Snake::PrintScore()
 .text._Z8setPixeliit
                0x00000468       0x30 SnakeGame_Beta_0.07_4-16-2020.cpp.o
                0x00000468                setPixel(int, int, unsigned short)
 .text._ZN5SnakeC2Ehhhhht
                0x00000498      0x148 SnakeGame_Beta_0.07_4-16-2020.cpp.o
                0x00000498                Snake::Snake(unsigned char, unsigned char, unsigned char, unsigned char, unsigned char, unsigned short)
                0x00000498                Snake::Snake(unsigned char, unsigned char, unsigned char, unsigned char, unsigned char, unsigned short)
 .text._ZN5Snake9SnakeMoveEv
                0x000005e0      0x110 SnakeGame_Beta_0.07_4-16-2020.cpp.o
                0x000005e0                Snake::SnakeMove()
 .text._ZN5Snake9Turn2FoodEv
                0x000006f0       0x9c SnakeGame_Beta_0.07_4-16-2020.cpp.o
                0x000006f0                Snake::Turn2Food()
 .text._Z7FoodGenv
                0x0000078c       0xa4 SnakeGame_Beta_0.07_4-16-2020.cpp.o
                0x0000078c                FoodGen()
 .text._ZN5Snake10SnakeCheckEv
                0x00000830       0x98 SnakeGame_Beta_0.07_4-16-2020.cpp.o
                0x00000830                Snake::SnakeCheck()
 .text._Z9playAgainv
                0x000008c8       0xfc SnakeGame_Beta_0.07_4-16-2020.cpp.o
                0x000008c8                playAgain()
 .text._Z6pausedv
                0x000009c4       0x98 SnakeGame_Beta_0.07_4-16-2020.cpp.o
                0x000009c4                paused()
 .text._Z9gameScalev
                0x00000a5c      0x1f4 SnakeGame_Beta_0.07_4-16-2020.cpp.o
                0x00000a5c                gameScale()
 .text._Z11playerCountv
                0x00000c50      0x190 SnakeGame_Beta_0.07_4-16-2020.cpp.o
                0x00000c50                playerCount()
 .text.loop     0x00000de0      0x4e0 SnakeGame_Beta_0.07_4-16-2020.cpp.o
                0x00000de0                loop
 .text._ZN5Print17availableForWriteEv
                0x000012c0        0x4 Adafruit_GFX_Library\Adafruit_GFX.cpp.o
                0x000012c0                Print::availableForWrite()
 .text._ZN5Print5flushEv
                0x000012c4        0x2 Adafruit_GFX_Library\Adafruit_GFX.cpp.o
                0x000012c4                Print::flush()
 .text._ZN12Adafruit_GFX9writeLineEsssst
                0x000012c6       0xc0 Adafruit_GFX_Library\Adafruit_GFX.cpp.o
                0x000012c6                Adafruit_GFX::writeLine(short, short, short, short, unsigned short)
 .text._ZN12Adafruit_GFX10writePixelEsst
                0x00001386        0xe Adafruit_GFX_Library\Adafruit_GFX.cpp.o
                0x00001386                Adafruit_GFX::writePixel(short, short, unsigned short)
 .text._ZN12Adafruit_GFX14writeFastVLineEssst
                0x00001394       0x12 Adafruit_GFX_Library\Adafruit_GFX.cpp.o
                0x00001394                Adafruit_GFX::writeFastVLine(short, short, short, unsigned short)
 .text._ZN12Adafruit_GFX14writeFastHLineEssst
                0x000013a6       0x12 Adafruit_GFX_Library\Adafruit_GFX.cpp.o
                0x000013a6                Adafruit_GFX::writeFastHLine(short, short, short, unsigned short)
 .text._ZN12Adafruit_GFX13writeFillRectEsssst
                0x000013b8       0x18 Adafruit_GFX_Library\Adafruit_GFX.cpp.o
                0x000013b8                Adafruit_GFX::writeFillRect(short, short, short, short, unsigned short)
 .text._ZN12Adafruit_GFX8endWriteEv
                0x000013d0        0x2 Adafruit_GFX_Library\Adafruit_GFX.cpp.o
                0x000013d0                Adafruit_GFX::startWrite()
                0x000013d0                Adafruit_GFX::endWrite()
 .text._ZN12Adafruit_GFX13drawFastVLineEssst
                0x000013d2       0x3e Adafruit_GFX_Library\Adafruit_GFX.cpp.o
                0x000013d2                Adafruit_GFX::drawFastVLine(short, short, short, unsigned short)
 .text._ZN12Adafruit_GFX13drawFastHLineEssst
                0x00001410       0x3a Adafruit_GFX_Library\Adafruit_GFX.cpp.o
                0x00001410                Adafruit_GFX::drawFastHLine(short, short, short, unsigned short)
 .text._ZN12Adafruit_GFX8fillRectEsssst
                0x0000144a       0x46 Adafruit_GFX_Library\Adafruit_GFX.cpp.o
                0x0000144a                Adafruit_GFX::fillRect(short, short, short, short, unsigned short)
 .text._ZN12Adafruit_GFX10fillScreenEt
                0x00001490       0x1c Adafruit_GFX_Library\Adafruit_GFX.cpp.o
                0x00001490                Adafruit_GFX::fillScreen(unsigned short)
 .text._ZN12Adafruit_GFX8drawLineEsssst
                0x000014ac       0x82 Adafruit_GFX_Library\Adafruit_GFX.cpp.o
                0x000014ac                Adafruit_GFX::drawLine(short, short, short, short, unsigned short)
 .text._ZN12Adafruit_GFX8drawRectEsssst
                0x0000152e       0x78 Adafruit_GFX_Library\Adafruit_GFX.cpp.o
                0x0000152e                Adafruit_GFX::drawRect(short, short, short, short, unsigned short)
 .text._ZN12Adafruit_GFX13invertDisplayEh
                0x000015a6        0x2 Adafruit_GFX_Library\Adafruit_GFX.cpp.o
                0x000015a6                Adafruit_GFX::invertDisplay(unsigned char)
 .text._ZN12Adafruit_GFX11setRotationEh
                0x000015a8       0x1e Adafruit_GFX_Library\Adafruit_GFX.cpp.o
                0x000015a8                Adafruit_GFX::setRotation(unsigned char)
 *fill*         0x000015c6        0x2 
 .text._ZN12Adafruit_GFXC2Ess
                0x000015c8       0x34 Adafruit_GFX_Library\Adafruit_GFX.cpp.o
                0x000015c8                Adafruit_GFX::Adafruit_GFX(short, short)
                0x000015c8                Adafruit_GFX::Adafruit_GFX(short, short)
 .text._ZN12Adafruit_GFX8drawCharEsshtthh
                0x000015fc      0x2a0 Adafruit_GFX_Library\Adafruit_GFX.cpp.o
                0x000015fc                Adafruit_GFX::drawChar(short, short, unsigned char, unsigned short, unsigned short, unsigned char, unsigned char)
 .text._ZN12Adafruit_GFX5writeEh
                0x0000189c       0xfe Adafruit_GFX_Library\Adafruit_GFX.cpp.o
                0x0000189c                Adafruit_GFX::write(unsigned char)
 .text._ZN12Adafruit_GFX11setTextSizeEh
                0x0000199a        0xc Adafruit_GFX_Library\Adafruit_GFX.cpp.o
                0x0000199a                Adafruit_GFX::setTextSize(unsigned char)
 .text._ZN15Adafruit_SPITFT11SPI_DC_HIGHEv.isra.2
                0x000019a6        0x8 Adafruit_GFX_Library\Adafruit_SPITFT.cpp.o
 .text._ZN15Adafruit_SPITFT10SPI_DC_LOWEv.isra.3
                0x000019ae        0x8 Adafruit_GFX_Library\Adafruit_SPITFT.cpp.o
 .text._ZN15Adafruit_SPITFT12SPI_SCK_HIGHEv.isra.8
                0x000019b6        0x8 Adafruit_GFX_Library\Adafruit_SPITFT.cpp.o
 .text._ZN15Adafruit_SPITFT11SPI_SCK_LOWEv.isra.9
                0x000019be        0x8 Adafruit_GFX_Library\Adafruit_SPITFT.cpp.o
 .text._ZN15Adafruit_SPITFT13TFT_WR_STROBEEv.isra.12
                0x000019c6       0x18 Adafruit_GFX_Library\Adafruit_SPITFT.cpp.o
 .text._ZN15Adafruit_SPITFT8endWriteEv
                0x000019de       0x12 Adafruit_GFX_Library\Adafruit_SPITFT.cpp.o
                0x000019de                Adafruit_SPITFT::endWrite()
 .text._ZN15Adafruit_SPITFTC2EttP8SPIClassaaa
                0x000019f0       0x48 Adafruit_GFX_Library\Adafruit_SPITFT.cpp.o
                0x000019f0                Adafruit_SPITFT::Adafruit_SPITFT(unsigned short, unsigned short, SPIClass*, signed char, signed char, signed char)
                0x000019f0                Adafruit_SPITFT::Adafruit_SPITFT(unsigned short, unsigned short, SPIClass*, signed char, signed char, signed char)
 .text._ZN15Adafruit_SPITFT7initSPIEmh
                0x00001a38      0x104 Adafruit_GFX_Library\Adafruit_SPITFT.cpp.o
                0x00001a38                Adafruit_SPITFT::initSPI(unsigned long, unsigned char)
 .text._ZN15Adafruit_SPITFT10writeColorEtm
                0x00001b3c       0x80 Adafruit_GFX_Library\Adafruit_SPITFT.cpp.o
                0x00001b3c                Adafruit_SPITFT::writeColor(unsigned short, unsigned long)
 .text._ZN15Adafruit_SPITFT23writeFillRectPreclippedEsssst
                0x00001bbc       0x34 Adafruit_GFX_Library\Adafruit_SPITFT.cpp.o
                0x00001bbc                Adafruit_SPITFT::writeFillRectPreclipped(short, short, short, short, unsigned short)
 .text._ZN15Adafruit_SPITFT13writeFillRectEsssst
                0x00001bf0       0xa0 Adafruit_GFX_Library\Adafruit_SPITFT.cpp.o
                0x00001bf0                Adafruit_SPITFT::writeFillRect(short, short, short, short, unsigned short)
 .text._ZN15Adafruit_SPITFT8fillRectEsssst
                0x00001c90       0xc4 Adafruit_GFX_Library\Adafruit_SPITFT.cpp.o
                0x00001c90                Adafruit_SPITFT::fillRect(short, short, short, short, unsigned short)
 .text._ZN15Adafruit_SPITFT13drawFastHLineEssst
                0x00001d54       0x80 Adafruit_GFX_Library\Adafruit_SPITFT.cpp.o
                0x00001d54                Adafruit_SPITFT::drawFastHLine(short, short, short, unsigned short)
 .text._ZN15Adafruit_SPITFT13drawFastVLineEssst
                0x00001dd4       0x7c Adafruit_GFX_Library\Adafruit_SPITFT.cpp.o
                0x00001dd4                Adafruit_SPITFT::drawFastVLine(short, short, short, unsigned short)
 .text._ZN15Adafruit_SPITFT14writeFastHLineEssst
                0x00001e50       0x5a Adafruit_GFX_Library\Adafruit_SPITFT.cpp.o
                0x00001e50                Adafruit_SPITFT::writeFastHLine(short, short, short, unsigned short)
 .text._ZN15Adafruit_SPITFT14writeFastVLineEssst
                0x00001eaa       0x58 Adafruit_GFX_Library\Adafruit_SPITFT.cpp.o
                0x00001eaa                Adafruit_SPITFT::writeFastVLine(short, short, short, unsigned short)
 .text._ZN15Adafruit_SPITFT21SPI_BEGIN_TRANSACTIONEv
                0x00001f02       0x2a Adafruit_GFX_Library\Adafruit_SPITFT.cpp.o
                0x00001f02                Adafruit_SPITFT::SPI_BEGIN_TRANSACTION()
 .text._ZN15Adafruit_SPITFT10startWriteEv
                0x00001f2c       0x1e Adafruit_GFX_Library\Adafruit_SPITFT.cpp.o
                0x00001f2c                Adafruit_SPITFT::startWrite()
 .text._ZN15Adafruit_SPITFT8spiWriteEh
                0x00001f4a       0x56 Adafruit_GFX_Library\Adafruit_SPITFT.cpp.o
                0x00001f4a                Adafruit_SPITFT::spiWrite(unsigned char)
 .text._ZN15Adafruit_SPITFT12writeCommandEh
                0x00001fa0       0x22 Adafruit_GFX_Library\Adafruit_SPITFT.cpp.o
                0x00001fa0                Adafruit_SPITFT::writeCommand(unsigned char)
 .text._ZN15Adafruit_SPITFT11SPI_WRITE16Et
                0x00001fc2       0x60 Adafruit_GFX_Library\Adafruit_SPITFT.cpp.o
                0x00001fc2                Adafruit_SPITFT::SPI_WRITE16(unsigned short)
 .text._ZN15Adafruit_SPITFT10writePixelEsst
                0x00002022       0x3e Adafruit_GFX_Library\Adafruit_SPITFT.cpp.o
                0x00002022                Adafruit_SPITFT::writePixel(short, short, unsigned short)
 .text._ZN15Adafruit_SPITFT9drawPixelEsst
                0x00002060       0x56 Adafruit_GFX_Library\Adafruit_SPITFT.cpp.o
                0x00002060                Adafruit_SPITFT::drawPixel(short, short, unsigned short)
 .text._ZN15Adafruit_SPITFT11sendCommandEhPhh
                0x000020b6       0x84 Adafruit_GFX_Library\Adafruit_SPITFT.cpp.o
                0x000020b6                Adafruit_SPITFT::sendCommand(unsigned char, unsigned char*, unsigned char)
 .text._ZN15Adafruit_SPITFT11sendCommandEhPKhh
                0x0000213a       0x82 Adafruit_GFX_Library\Adafruit_SPITFT.cpp.o
                0x0000213a                Adafruit_SPITFT::sendCommand(unsigned char, unsigned char const*, unsigned char)
 .text._ZN15Adafruit_SPITFT11SPI_WRITE32Em
                0x000021bc       0x70 Adafruit_GFX_Library\Adafruit_SPITFT.cpp.o
                0x000021bc                Adafruit_SPITFT::SPI_WRITE32(unsigned long)
 .text._ZN15Adafruit_ST778911setRotationEh
                0x0000222c       0xa0 Adafruit_ST7735_and_ST7789_Library\Adafruit_ST7789.cpp.o
                0x0000222c                Adafruit_ST7789::setRotation(unsigned char)
 .text._ZN15Adafruit_ST7789C2EP8SPIClassaaa
                0x000022cc       0x28 Adafruit_ST7735_and_ST7789_Library\Adafruit_ST7789.cpp.o
                0x000022cc                Adafruit_ST7789::Adafruit_ST7789(SPIClass*, signed char, signed char, signed char)
                0x000022cc                Adafruit_ST7789::Adafruit_ST7789(SPIClass*, signed char, signed char, signed char)
 .text._ZN15Adafruit_ST77894initEtth
                0x000022f4       0x64 Adafruit_ST7735_and_ST7789_Library\Adafruit_ST7789.cpp.o
                0x000022f4                Adafruit_ST7789::init(unsigned short, unsigned short, unsigned char)
 .text._ZN15Adafruit_ST77xx5beginEm
                0x00002358       0x24 Adafruit_ST7735_and_ST7789_Library\Adafruit_ST77xx.cpp.o
                0x00002358                Adafruit_ST77xx::begin(unsigned long)
 .text._ZN15Adafruit_ST77xx13setAddrWindowEtttt
                0x0000237c       0x4e Adafruit_ST7735_and_ST7789_Library\Adafruit_ST77xx.cpp.o
                0x0000237c                Adafruit_ST77xx::setAddrWindow(unsigned short, unsigned short, unsigned short, unsigned short)
 .text._ZN15Adafruit_ST77xx11setRotationEh
                0x000023ca       0x4e Adafruit_ST7735_and_ST7789_Library\Adafruit_ST77xx.cpp.o
                0x000023ca                Adafruit_ST77xx::setRotation(unsigned char)
 .text._ZN15Adafruit_ST77xxC2EttP8SPIClassaaa
                0x00002418       0x38 Adafruit_ST7735_and_ST7789_Library\Adafruit_ST77xx.cpp.o
                0x00002418                Adafruit_ST77xx::Adafruit_ST77xx(unsigned short, unsigned short, SPIClass*, signed char, signed char, signed char)
                0x00002418                Adafruit_ST77xx::Adafruit_ST77xx(unsigned short, unsigned short, SPIClass*, signed char, signed char, signed char)
 .text._ZN15Adafruit_ST77xx11displayInitEPKh
                0x00002450       0x44 Adafruit_ST7735_and_ST7789_Library\Adafruit_ST77xx.cpp.o
                0x00002450                Adafruit_ST77xx::displayInit(unsigned char const*)
 .text._ZN15Adafruit_ST77xx10commonInitEPKh
                0x00002494       0x1e Adafruit_ST7735_and_ST7789_Library\Adafruit_ST77xx.cpp.o
                0x00002494                Adafruit_ST77xx::commonInit(unsigned char const*)
 *fill*         0x000024b2        0x2 
 .text._ZN8SPIClassC2Em
                0x000024b4       0x34 spiE-TIVAC-SPI-master\spiE.cpp.o
                0x000024b4                SPIClass::SPIClass(unsigned long)
                0x000024b4                SPIClass::SPIClass(unsigned long)
 .text._ZN8SPIClass5beginEh
                0x000024e8      0x12c spiE-TIVAC-SPI-master\spiE.cpp.o
                0x000024e8                SPIClass::begin(unsigned char)
 .text._ZN8SPIClass5beginEv
                0x00002614       0x10 spiE-TIVAC-SPI-master\spiE.cpp.o
                0x00002614                SPIClass::begin()
 .text._ZN8SPIClass11setBitOrderEh
                0x00002624        0x4 spiE-TIVAC-SPI-master\spiE.cpp.o
                0x00002624                SPIClass::setBitOrder(unsigned char)
 .text._ZN8SPIClass11setDataModeEh
                0x00002628       0x24 spiE-TIVAC-SPI-master\spiE.cpp.o
                0x00002628                SPIClass::setDataMode(unsigned char)
 .text._ZN8SPIClass15setClockDividerEh
                0x0000264c       0x10 spiE-TIVAC-SPI-master\spiE.cpp.o
                0x0000264c                SPIClass::setClockDivider(unsigned char)
 .text._ZN8SPIClass8transferEhhh
                0x0000265c       0xbc spiE-TIVAC-SPI-master\spiE.cpp.o
                0x0000265c                SPIClass::transfer(unsigned char, unsigned char, unsigned char)
 .text._ZN8SPIClass8transferEh
                0x00002718        0xa spiE-TIVAC-SPI-master\spiE.cpp.o
                0x00002718                SPIClass::transfer(unsigned char)
 *fill*         0x00002722        0x2 
 .text.startup._GLOBAL__sub_I__ZN8SPIClassC2Ev
                0x00002724       0x38 spiE-TIVAC-SPI-master\spiE.cpp.o
 .text.I2CIntHandler
                0x0000275c        0x2 C:\Users\Quant\AppData\Local\Temp\VMBuilds\SnakeGame_Beta_0.07_4-16-2020\energia_energia_tivac_EK-TM4C123GXL\Debug/core.a(startup_gcc.c.o)
                0x0000275c                I2CIntHandler
 .text.NmiSR    0x0000275e        0x2 C:\Users\Quant\AppData\Local\Temp\VMBuilds\SnakeGame_Beta_0.07_4-16-2020\energia_energia_tivac_EK-TM4C123GXL\Debug/core.a(startup_gcc.c.o)
 .text.FaultISR
                0x00002760        0x2 C:\Users\Quant\AppData\Local\Temp\VMBuilds\SnakeGame_Beta_0.07_4-16-2020\energia_energia_tivac_EK-TM4C123GXL\Debug/core.a(startup_gcc.c.o)
 .text.IntDefaultHandler
                0x00002762        0x2 C:\Users\Quant\AppData\Local\Temp\VMBuilds\SnakeGame_Beta_0.07_4-16-2020\energia_energia_tivac_EK-TM4C123GXL\Debug/core.a(startup_gcc.c.o)
 .text.ResetISR
                0x00002764       0x98 C:\Users\Quant\AppData\Local\Temp\VMBuilds\SnakeGame_Beta_0.07_4-16-2020\energia_energia_tivac_EK-TM4C123GXL\Debug/core.a(startup_gcc.c.o)
                0x00002764                ResetISR
 .text.ToneIntHandler
                0x000027fc        0x2 C:\Users\Quant\AppData\Local\Temp\VMBuilds\SnakeGame_Beta_0.07_4-16-2020\energia_energia_tivac_EK-TM4C123GXL\Debug/core.a(startup_gcc.c.o)
                0x000027fc                ToneIntHandler
 *fill*         0x000027fe        0x2 
 .text._sbrk    0x00002800       0x28 C:\Users\Quant\AppData\Local\Temp\VMBuilds\SnakeGame_Beta_0.07_4-16-2020\energia_energia_tivac_EK-TM4C123GXL\Debug/core.a(startup_gcc.c.o)
                0x00002800                _sbrk
 .text.GPIOXIntHandler
                0x00002828       0x30 C:\Users\Quant\AppData\Local\Temp\VMBuilds\SnakeGame_Beta_0.07_4-16-2020\energia_energia_tivac_EK-TM4C123GXL\Debug/core.a(WInterrupts.c.o)
                0x00002828                GPIOXIntHandler
 .text.GPIOAIntHandler
                0x00002858       0x10 C:\Users\Quant\AppData\Local\Temp\VMBuilds\SnakeGame_Beta_0.07_4-16-2020\energia_energia_tivac_EK-TM4C123GXL\Debug/core.a(WInterrupts.c.o)
                0x00002858                GPIOAIntHandler
 .text.GPIOBIntHandler
                0x00002868       0x10 C:\Users\Quant\AppData\Local\Temp\VMBuilds\SnakeGame_Beta_0.07_4-16-2020\energia_energia_tivac_EK-TM4C123GXL\Debug/core.a(WInterrupts.c.o)
                0x00002868                GPIOBIntHandler
 .text.GPIOCIntHandler
                0x00002878       0x10 C:\Users\Quant\AppData\Local\Temp\VMBuilds\SnakeGame_Beta_0.07_4-16-2020\energia_energia_tivac_EK-TM4C123GXL\Debug/core.a(WInterrupts.c.o)
                0x00002878                GPIOCIntHandler
 .text.GPIODIntHandler
                0x00002888       0x10 C:\Users\Quant\AppData\Local\Temp\VMBuilds\SnakeGame_Beta_0.07_4-16-2020\energia_energia_tivac_EK-TM4C123GXL\Debug/core.a(WInterrupts.c.o)
                0x00002888                GPIODIntHandler
 .text.GPIOEIntHandler
                0x00002898       0x10 C:\Users\Quant\AppData\Local\Temp\VMBuilds\SnakeGame_Beta_0.07_4-16-2020\energia_energia_tivac_EK-TM4C123GXL\Debug/core.a(WInterrupts.c.o)
                0x00002898                GPIOEIntHandler
 .text.GPIOFIntHandler
                0x000028a8       0x10 C:\Users\Quant\AppData\Local\Temp\VMBuilds\SnakeGame_Beta_0.07_4-16-2020\energia_energia_tivac_EK-TM4C123GXL\Debug/core.a(WInterrupts.c.o)
                0x000028a8                GPIOFIntHandler
 .text.GPIOGIntHandler
                0x000028b8       0x10 C:\Users\Quant\AppData\Local\Temp\VMBuilds\SnakeGame_Beta_0.07_4-16-2020\energia_energia_tivac_EK-TM4C123GXL\Debug/core.a(WInterrupts.c.o)
                0x000028b8                GPIOGIntHandler
 .text.GPIOHIntHandler
                0x000028c8       0x10 C:\Users\Quant\AppData\Local\Temp\VMBuilds\SnakeGame_Beta_0.07_4-16-2020\energia_energia_tivac_EK-TM4C123GXL\Debug/core.a(WInterrupts.c.o)
                0x000028c8                GPIOHIntHandler
 .text.GPIOJIntHandler
                0x000028d8       0x10 C:\Users\Quant\AppData\Local\Temp\VMBuilds\SnakeGame_Beta_0.07_4-16-2020\energia_energia_tivac_EK-TM4C123GXL\Debug/core.a(WInterrupts.c.o)
                0x000028d8                GPIOJIntHandler
 .text.GPIOKIntHandler
                0x000028e8       0x10 C:\Users\Quant\AppData\Local\Temp\VMBuilds\SnakeGame_Beta_0.07_4-16-2020\energia_energia_tivac_EK-TM4C123GXL\Debug/core.a(WInterrupts.c.o)
                0x000028e8                GPIOKIntHandler
 .text.GPIOLIntHandler
                0x000028f8       0x10 C:\Users\Quant\AppData\Local\Temp\VMBuilds\SnakeGame_Beta_0.07_4-16-2020\energia_energia_tivac_EK-TM4C123GXL\Debug/core.a(WInterrupts.c.o)
                0x000028f8                GPIOLIntHandler
 .text.GPIOMIntHandler
                0x00002908       0x10 C:\Users\Quant\AppData\Local\Temp\VMBuilds\SnakeGame_Beta_0.07_4-16-2020\energia_energia_tivac_EK-TM4C123GXL\Debug/core.a(WInterrupts.c.o)
                0x00002908                GPIOMIntHandler
 .text.GPIONIntHandler
                0x00002918       0x10 C:\Users\Quant\AppData\Local\Temp\VMBuilds\SnakeGame_Beta_0.07_4-16-2020\energia_energia_tivac_EK-TM4C123GXL\Debug/core.a(WInterrupts.c.o)
                0x00002918                GPIONIntHandler
 .text.GPIOPIntHandler
                0x00002928       0x10 C:\Users\Quant\AppData\Local\Temp\VMBuilds\SnakeGame_Beta_0.07_4-16-2020\energia_energia_tivac_EK-TM4C123GXL\Debug/core.a(WInterrupts.c.o)
                0x00002928                GPIOPIntHandler
 .text.GPIOQIntHandler
                0x00002938       0x10 C:\Users\Quant\AppData\Local\Temp\VMBuilds\SnakeGame_Beta_0.07_4-16-2020\energia_energia_tivac_EK-TM4C123GXL\Debug/core.a(WInterrupts.c.o)
                0x00002938                GPIOQIntHandler
 .text.attachInterrupt
                0x00002948      0x298 C:\Users\Quant\AppData\Local\Temp\VMBuilds\SnakeGame_Beta_0.07_4-16-2020\energia_energia_tivac_EK-TM4C123GXL\Debug/core.a(WInterrupts.c.o)
                0x00002948                attachInterrupt
 .text.timerInit
                0x00002be0       0x58 C:\Users\Quant\AppData\Local\Temp\VMBuilds\SnakeGame_Beta_0.07_4-16-2020\energia_energia_tivac_EK-TM4C123GXL\Debug/core.a(wiring.c.o)
                0x00002be0                timerInit
 .text.millis   0x00002c38        0xc C:\Users\Quant\AppData\Local\Temp\VMBuilds\SnakeGame_Beta_0.07_4-16-2020\energia_energia_tivac_EK-TM4C123GXL\Debug/core.a(wiring.c.o)
                0x00002c38                millis
 .text.delay    0x00002c44       0x18 C:\Users\Quant\AppData\Local\Temp\VMBuilds\SnakeGame_Beta_0.07_4-16-2020\energia_energia_tivac_EK-TM4C123GXL\Debug/core.a(wiring.c.o)
                0x00002c44                delay
 .text.delayMicroseconds
                0x00002c5c       0x50 C:\Users\Quant\AppData\Local\Temp\VMBuilds\SnakeGame_Beta_0.07_4-16-2020\energia_energia_tivac_EK-TM4C123GXL\Debug/core.a(wiring.c.o)
                0x00002c5c                delayMicroseconds
 .text.SysTickIntHandler
                0x00002cac       0x28 C:\Users\Quant\AppData\Local\Temp\VMBuilds\SnakeGame_Beta_0.07_4-16-2020\energia_energia_tivac_EK-TM4C123GXL\Debug/core.a(wiring.c.o)
                0x00002cac                SysTickIntHandler
 .text.getTimerBase
                0x00002cd4       0x26 C:\Users\Quant\AppData\Local\Temp\VMBuilds\SnakeGame_Beta_0.07_4-16-2020\energia_energia_tivac_EK-TM4C123GXL\Debug/core.a(wiring_analog.c.o)
                0x00002cd4                getTimerBase
 *fill*         0x00002cfa        0x2 
 .text.enableTimerPeriph
                0x00002cfc       0x24 C:\Users\Quant\AppData\Local\Temp\VMBuilds\SnakeGame_Beta_0.07_4-16-2020\energia_energia_tivac_EK-TM4C123GXL\Debug/core.a(wiring_analog.c.o)
                0x00002cfc                enableTimerPeriph
 .text.PWMWrite
                0x00002d20      0x140 C:\Users\Quant\AppData\Local\Temp\VMBuilds\SnakeGame_Beta_0.07_4-16-2020\energia_energia_tivac_EK-TM4C123GXL\Debug/core.a(wiring_analog.c.o)
                0x00002d20                PWMWrite
 .text.analogWrite
                0x00002e60        0xc C:\Users\Quant\AppData\Local\Temp\VMBuilds\SnakeGame_Beta_0.07_4-16-2020\energia_energia_tivac_EK-TM4C123GXL\Debug/core.a(wiring_analog.c.o)
                0x00002e60                analogWrite
 .text.analogRead
                0x00002e6c       0xe4 C:\Users\Quant\AppData\Local\Temp\VMBuilds\SnakeGame_Beta_0.07_4-16-2020\energia_energia_tivac_EK-TM4C123GXL\Debug/core.a(wiring_analog.c.o)
                0x00002e6c                analogRead
 .text.pinMode  0x00002f50       0xa8 C:\Users\Quant\AppData\Local\Temp\VMBuilds\SnakeGame_Beta_0.07_4-16-2020\energia_energia_tivac_EK-TM4C123GXL\Debug/core.a(wiring_digital.c.o)
                0x00002f50                pinMode
 .text.digitalWrite
                0x00002ff8       0x3c C:\Users\Quant\AppData\Local\Temp\VMBuilds\SnakeGame_Beta_0.07_4-16-2020\energia_energia_tivac_EK-TM4C123GXL\Debug/core.a(wiring_digital.c.o)
                0x00002ff8                digitalWrite
 .text._ZN14HardwareSerial9availableEv
                0x00003034       0x12 C:\Users\Quant\AppData\Local\Temp\VMBuilds\SnakeGame_Beta_0.07_4-16-2020\energia_energia_tivac_EK-TM4C123GXL\Debug/core.a(HardwareSerial.cpp.o)
                0x00003034                HardwareSerial::available()
 .text._ZN14HardwareSerial4peekEv
                0x00003046       0x12 C:\Users\Quant\AppData\Local\Temp\VMBuilds\SnakeGame_Beta_0.07_4-16-2020\energia_energia_tivac_EK-TM4C123GXL\Debug/core.a(HardwareSerial.cpp.o)
                0x00003046                HardwareSerial::peek()
 .text._ZN14HardwareSerial4readEv
                0x00003058       0x26 C:\Users\Quant\AppData\Local\Temp\VMBuilds\SnakeGame_Beta_0.07_4-16-2020\energia_energia_tivac_EK-TM4C123GXL\Debug/core.a(HardwareSerial.cpp.o)
                0x00003058                HardwareSerial::read()
 *fill*         0x0000307e        0x2 
 .text._ZN14HardwareSerial5flushEv
                0x00003080       0x2c C:\Users\Quant\AppData\Local\Temp\VMBuilds\SnakeGame_Beta_0.07_4-16-2020\energia_energia_tivac_EK-TM4C123GXL\Debug/core.a(HardwareSerial.cpp.o)
                0x00003080                HardwareSerial::flush()
 .text._ZN14HardwareSerialC2Ev
                0x000030ac       0x30 C:\Users\Quant\AppData\Local\Temp\VMBuilds\SnakeGame_Beta_0.07_4-16-2020\energia_energia_tivac_EK-TM4C123GXL\Debug/core.a(HardwareSerial.cpp.o)
                0x000030ac                HardwareSerial::HardwareSerial()
                0x000030ac                HardwareSerial::HardwareSerial()
 .text._ZN14HardwareSerialC2Em
                0x000030dc       0x30 C:\Users\Quant\AppData\Local\Temp\VMBuilds\SnakeGame_Beta_0.07_4-16-2020\energia_energia_tivac_EK-TM4C123GXL\Debug/core.a(HardwareSerial.cpp.o)
                0x000030dc                HardwareSerial::HardwareSerial(unsigned long)
                0x000030dc                HardwareSerial::HardwareSerial(unsigned long)
 .text._ZN14HardwareSerial8flushAllEv
                0x0000310c       0x34 C:\Users\Quant\AppData\Local\Temp\VMBuilds\SnakeGame_Beta_0.07_4-16-2020\energia_energia_tivac_EK-TM4C123GXL\Debug/core.a(HardwareSerial.cpp.o)
                0x0000310c                HardwareSerial::flushAll()
 .text._ZN14HardwareSerial13primeTransmitEm
                0x00003140       0x80 C:\Users\Quant\AppData\Local\Temp\VMBuilds\SnakeGame_Beta_0.07_4-16-2020\energia_energia_tivac_EK-TM4C123GXL\Debug/core.a(HardwareSerial.cpp.o)
                0x00003140                HardwareSerial::primeTransmit(unsigned long)
 .text._ZN14HardwareSerial5writeEh
                0x000031c0       0x5c C:\Users\Quant\AppData\Local\Temp\VMBuilds\SnakeGame_Beta_0.07_4-16-2020\energia_energia_tivac_EK-TM4C123GXL\Debug/core.a(HardwareSerial.cpp.o)
                0x000031c0                HardwareSerial::write(unsigned char)
 .text._ZN14HardwareSerial5beginEm
                0x0000321c      0x110 C:\Users\Quant\AppData\Local\Temp\VMBuilds\SnakeGame_Beta_0.07_4-16-2020\energia_energia_tivac_EK-TM4C123GXL\Debug/core.a(HardwareSerial.cpp.o)
                0x0000321c                HardwareSerial::begin(unsigned long)
 .text._ZN14HardwareSerial14UARTIntHandlerEv
                0x0000332c       0xcc C:\Users\Quant\AppData\Local\Temp\VMBuilds\SnakeGame_Beta_0.07_4-16-2020\energia_energia_tivac_EK-TM4C123GXL\Debug/core.a(HardwareSerial.cpp.o)
                0x0000332c                HardwareSerial::UARTIntHandler()
 .text.UARTIntHandler
                0x000033f8        0xc C:\Users\Quant\AppData\Local\Temp\VMBuilds\SnakeGame_Beta_0.07_4-16-2020\energia_energia_tivac_EK-TM4C123GXL\Debug/core.a(HardwareSerial.cpp.o)
                0x000033f8                UARTIntHandler
 .text.UARTIntHandler1
                0x00003404        0xc C:\Users\Quant\AppData\Local\Temp\VMBuilds\SnakeGame_Beta_0.07_4-16-2020\energia_energia_tivac_EK-TM4C123GXL\Debug/core.a(HardwareSerial.cpp.o)
                0x00003404                UARTIntHandler1
 .text.UARTIntHandler2
                0x00003410        0xc C:\Users\Quant\AppData\Local\Temp\VMBuilds\SnakeGame_Beta_0.07_4-16-2020\energia_energia_tivac_EK-TM4C123GXL\Debug/core.a(HardwareSerial.cpp.o)
                0x00003410                UARTIntHandler2
 .text.UARTIntHandler3
                0x0000341c        0xc C:\Users\Quant\AppData\Local\Temp\VMBuilds\SnakeGame_Beta_0.07_4-16-2020\energia_energia_tivac_EK-TM4C123GXL\Debug/core.a(HardwareSerial.cpp.o)
                0x0000341c                UARTIntHandler3
 .text.UARTIntHandler4
                0x00003428        0xc C:\Users\Quant\AppData\Local\Temp\VMBuilds\SnakeGame_Beta_0.07_4-16-2020\energia_energia_tivac_EK-TM4C123GXL\Debug/core.a(HardwareSerial.cpp.o)
                0x00003428                UARTIntHandler4
 .text.UARTIntHandler5
                0x00003434        0xc C:\Users\Quant\AppData\Local\Temp\VMBuilds\SnakeGame_Beta_0.07_4-16-2020\energia_energia_tivac_EK-TM4C123GXL\Debug/core.a(HardwareSerial.cpp.o)
                0x00003434                UARTIntHandler5
 .text.UARTIntHandler6
                0x00003440        0xc C:\Users\Quant\AppData\Local\Temp\VMBuilds\SnakeGame_Beta_0.07_4-16-2020\energia_energia_tivac_EK-TM4C123GXL\Debug/core.a(HardwareSerial.cpp.o)
                0x00003440                UARTIntHandler6
 .text.UARTIntHandler7
                0x0000344c        0xc C:\Users\Quant\AppData\Local\Temp\VMBuilds\SnakeGame_Beta_0.07_4-16-2020\energia_energia_tivac_EK-TM4C123GXL\Debug/core.a(HardwareSerial.cpp.o)
                0x0000344c                UARTIntHandler7
 .text._Z11serialEventv
                0x00003458        0x2 C:\Users\Quant\AppData\Local\Temp\VMBuilds\SnakeGame_Beta_0.07_4-16-2020\energia_energia_tivac_EK-TM4C123GXL\Debug/core.a(HardwareSerial.cpp.o)
                0x00003458                serialEvent()
 .text._Z12serialEvent1v
                0x0000345a        0x2 C:\Users\Quant\AppData\Local\Temp\VMBuilds\SnakeGame_Beta_0.07_4-16-2020\energia_energia_tivac_EK-TM4C123GXL\Debug/core.a(HardwareSerial.cpp.o)
                0x0000345a                serialEvent1()
 .text._Z12serialEvent2v
                0x0000345c        0x2 C:\Users\Quant\AppData\Local\Temp\VMBuilds\SnakeGame_Beta_0.07_4-16-2020\energia_energia_tivac_EK-TM4C123GXL\Debug/core.a(HardwareSerial.cpp.o)
                0x0000345c                serialEvent2()
 .text._Z12serialEvent3v
                0x0000345e        0x2 C:\Users\Quant\AppData\Local\Temp\VMBuilds\SnakeGame_Beta_0.07_4-16-2020\energia_energia_tivac_EK-TM4C123GXL\Debug/core.a(HardwareSerial.cpp.o)
                0x0000345e                serialEvent3()
 .text._Z12serialEvent4v
                0x00003460        0x2 C:\Users\Quant\AppData\Local\Temp\VMBuilds\SnakeGame_Beta_0.07_4-16-2020\energia_energia_tivac_EK-TM4C123GXL\Debug/core.a(HardwareSerial.cpp.o)
                0x00003460                serialEvent4()
 .text._Z12serialEvent5v
                0x00003462        0x2 C:\Users\Quant\AppData\Local\Temp\VMBuilds\SnakeGame_Beta_0.07_4-16-2020\energia_energia_tivac_EK-TM4C123GXL\Debug/core.a(HardwareSerial.cpp.o)
                0x00003462                serialEvent5()
 .text._Z12serialEvent6v
                0x00003464        0x2 C:\Users\Quant\AppData\Local\Temp\VMBuilds\SnakeGame_Beta_0.07_4-16-2020\energia_energia_tivac_EK-TM4C123GXL\Debug/core.a(HardwareSerial.cpp.o)
                0x00003464                serialEvent6()
 .text._Z12serialEvent7v
                0x00003466        0x2 C:\Users\Quant\AppData\Local\Temp\VMBuilds\SnakeGame_Beta_0.07_4-16-2020\energia_energia_tivac_EK-TM4C123GXL\Debug/core.a(HardwareSerial.cpp.o)
                0x00003466                serialEvent7()
 .text._Z14serialEventRunv
                0x00003468       0x84 C:\Users\Quant\AppData\Local\Temp\VMBuilds\SnakeGame_Beta_0.07_4-16-2020\energia_energia_tivac_EK-TM4C123GXL\Debug/core.a(HardwareSerial.cpp.o)
                0x00003468                serialEventRun()
 .text.startup._GLOBAL__sub_I__ZN14HardwareSerialC2Ev
                0x000034ec       0x64 C:\Users\Quant\AppData\Local\Temp\VMBuilds\SnakeGame_Beta_0.07_4-16-2020\energia_energia_tivac_EK-TM4C123GXL\Debug/core.a(HardwareSerial.cpp.o)
 .text._init    0x00003550      0x140 C:\Users\Quant\AppData\Local\Temp\VMBuilds\SnakeGame_Beta_0.07_4-16-2020\energia_energia_tivac_EK-TM4C123GXL\Debug/core.a(main.cpp.o)
                0x00003550                _init
 .text.startup.main
                0x00003690       0x1c C:\Users\Quant\AppData\Local\Temp\VMBuilds\SnakeGame_Beta_0.07_4-16-2020\energia_energia_tivac_EK-TM4C123GXL\Debug/core.a(main.cpp.o)
                0x00003690                main
 .text._Znwj    0x000036ac        0x4 C:\Users\Quant\AppData\Local\Temp\VMBuilds\SnakeGame_Beta_0.07_4-16-2020\energia_energia_tivac_EK-TM4C123GXL\Debug/core.a(new.cpp.o)
                0x000036ac                operator new(unsigned int)
 .text._Znaj    0x000036b0        0x4 C:\Users\Quant\AppData\Local\Temp\VMBuilds\SnakeGame_Beta_0.07_4-16-2020\energia_energia_tivac_EK-TM4C123GXL\Debug/core.a(new.cpp.o)
                0x000036b0                operator new[](unsigned int)
 .text.__cxa_pure_virtual
                0x000036b4        0x2 C:\Users\Quant\AppData\Local\Temp\VMBuilds\SnakeGame_Beta_0.07_4-16-2020\energia_energia_tivac_EK-TM4C123GXL\Debug/core.a(new.cpp.o)
                0x000036b4                __cxa_pure_virtual
 .text._ZN5Print5writeEPKhj
                0x000036b6       0x2c C:\Users\Quant\AppData\Local\Temp\VMBuilds\SnakeGame_Beta_0.07_4-16-2020\energia_energia_tivac_EK-TM4C123GXL\Debug/core.a(Print.cpp.o)
                0x000036b6                Print::write(unsigned char const*, unsigned int)
 .text._ZN5Print5writeEPKc
                0x000036e2       0x20 C:\Users\Quant\AppData\Local\Temp\VMBuilds\SnakeGame_Beta_0.07_4-16-2020\energia_energia_tivac_EK-TM4C123GXL\Debug/core.a(Print.cpp.o)
                0x000036e2                Print::write(char const*)
 .text._ZN5Print5printEPKc
                0x00003702        0x8 C:\Users\Quant\AppData\Local\Temp\VMBuilds\SnakeGame_Beta_0.07_4-16-2020\energia_energia_tivac_EK-TM4C123GXL\Debug/core.a(Print.cpp.o)
                0x00003702                Print::print(char const*)
 .text._ZN5Print5printEc
                0x0000370a        0x6 C:\Users\Quant\AppData\Local\Temp\VMBuilds\SnakeGame_Beta_0.07_4-16-2020\energia_energia_tivac_EK-TM4C123GXL\Debug/core.a(Print.cpp.o)
                0x0000370a                Print::print(char)
 .text._ZN5Print7printlnEv
                0x00003710       0x10 C:\Users\Quant\AppData\Local\Temp\VMBuilds\SnakeGame_Beta_0.07_4-16-2020\energia_energia_tivac_EK-TM4C123GXL\Debug/core.a(Print.cpp.o)
                0x00003710                Print::println()
 .text._ZN5Print7printlnEPKc
                0x00003720       0x14 C:\Users\Quant\AppData\Local\Temp\VMBuilds\SnakeGame_Beta_0.07_4-16-2020\energia_energia_tivac_EK-TM4C123GXL\Debug/core.a(Print.cpp.o)
                0x00003720                Print::println(char const*)
 .text._ZN5Print11printNumberEmh
                0x00003734       0x3e C:\Users\Quant\AppData\Local\Temp\VMBuilds\SnakeGame_Beta_0.07_4-16-2020\energia_energia_tivac_EK-TM4C123GXL\Debug/core.a(Print.cpp.o)
                0x00003734                Print::printNumber(unsigned long, unsigned char)
 .text._ZN5Print5printEli
                0x00003772       0x44 C:\Users\Quant\AppData\Local\Temp\VMBuilds\SnakeGame_Beta_0.07_4-16-2020\energia_energia_tivac_EK-TM4C123GXL\Debug/core.a(Print.cpp.o)
                0x00003772                Print::print(long, int)
 .text._ZN5Print7printlnEii
                0x000037b6       0x14 C:\Users\Quant\AppData\Local\Temp\VMBuilds\SnakeGame_Beta_0.07_4-16-2020\energia_energia_tivac_EK-TM4C123GXL\Debug/core.a(Print.cpp.o)
                0x000037b6                Print::println(int, int)
 .text._ZN5Print5printEmi
                0x000037ca       0x1a C:\Users\Quant\AppData\Local\Temp\VMBuilds\SnakeGame_Beta_0.07_4-16-2020\energia_energia_tivac_EK-TM4C123GXL\Debug/core.a(Print.cpp.o)
                0x000037ca                Print::print(unsigned long, int)
 .text._Z10randomSeedj
                0x000037e4        0x8 C:\Users\Quant\AppData\Local\Temp\VMBuilds\SnakeGame_Beta_0.07_4-16-2020\energia_energia_tivac_EK-TM4C123GXL\Debug/core.a(WMath.cpp.o)
                0x000037e4                randomSeed(unsigned int)
 .text._Z6randoml
                0x000037ec       0x16 C:\Users\Quant\AppData\Local\Temp\VMBuilds\SnakeGame_Beta_0.07_4-16-2020\energia_energia_tivac_EK-TM4C123GXL\Debug/core.a(WMath.cpp.o)
                0x000037ec                random(long)
 .text._Z3maplllll
                0x00003802       0x14 C:\Users\Quant\AppData\Local\Temp\VMBuilds\SnakeGame_Beta_0.07_4-16-2020\energia_energia_tivac_EK-TM4C123GXL\Debug/core.a(WMath.cpp.o)
                0x00003802                map(long, long, long, long, long)
 *fill*         0x00003816        0x2 
 .text.do_random
                0x00003818       0x40 C:\Users\Quant\AppData\Local\Temp\VMBuilds\SnakeGame_Beta_0.07_4-16-2020\energia_energia_tivac_EK-TM4C123GXL\Debug/core.a(random.c.o)
 .text.random   0x00003858        0xc C:\Users\Quant\AppData\Local\Temp\VMBuilds\SnakeGame_Beta_0.07_4-16-2020\energia_energia_tivac_EK-TM4C123GXL\Debug/core.a(random.c.o)
                0x00003858                random
 .text.srandom  0x00003864        0xc C:\Users\Quant\AppData\Local\Temp\VMBuilds\SnakeGame_Beta_0.07_4-16-2020\energia_energia_tivac_EK-TM4C123GXL\Debug/core.a(random.c.o)
                0x00003864                srandom
 .text._EEPROMWaitForDone
                0x00003870       0x10 C:\Users\Quant\AppData\Local\Energia15\packages\energia\hardware\tivac\1.0.3\system/driverlib/libdriverlib.a(eeprom.o)
 .text._EEPROMSectorMaskClear
                0x00003880       0x34 C:\Users\Quant\AppData\Local\Energia15\packages\energia\hardware\tivac\1.0.3\system/driverlib/libdriverlib.a(eeprom.o)
 .text.EEPROMMassErase
                0x000038b4       0x58 C:\Users\Quant\AppData\Local\Energia15\packages\energia\hardware\tivac\1.0.3\system/driverlib/libdriverlib.a(eeprom.o)
                0x000038b4                EEPROMMassErase
 .text.GPIOPadConfigSet
                0x0000390c      0x130 C:\Users\Quant\AppData\Local\Energia15\packages\energia\hardware\tivac\1.0.3\system/driverlib/libdriverlib.a(gpio.o)
                0x0000390c                GPIOPadConfigSet
 .text.GPIOIntEnable
                0x00003a3c        0xc C:\Users\Quant\AppData\Local\Energia15\packages\energia\hardware\tivac\1.0.3\system/driverlib/libdriverlib.a(gpio.o)
                0x00003a3c                GPIOIntEnable
 .text.GPIOIntStatus
                0x00003a48        0xe C:\Users\Quant\AppData\Local\Energia15\packages\energia\hardware\tivac\1.0.3\system/driverlib/libdriverlib.a(gpio.o)
                0x00003a48                GPIOIntStatus
 .text.GPIOIntClear
                0x00003a56        0x6 C:\Users\Quant\AppData\Local\Energia15\packages\energia\hardware\tivac\1.0.3\system/driverlib/libdriverlib.a(gpio.o)
                0x00003a56                GPIOIntClear
 .text.SysCtlPeripheralReset
                0x00003a5c       0x3a C:\Users\Quant\AppData\Local\Energia15\packages\energia\hardware\tivac\1.0.3\system/driverlib/libdriverlib.a(sysctl.o)
                0x00003a5c                SysCtlPeripheralReset
 *fill*         0x00003a96        0x2 
 .text.SysCtlLDODeepSleepSet
                0x00003a98        0xc C:\Users\Quant\AppData\Local\Energia15\packages\energia\hardware\tivac\1.0.3\system/driverlib/libdriverlib.a(sysctl.o)
                0x00003a98                SysCtlLDODeepSleepSet
 .text.SysCtlDeepSleepPowerSet
                0x00003aa4        0xc C:\Users\Quant\AppData\Local\Energia15\packages\energia\hardware\tivac\1.0.3\system/driverlib/libdriverlib.a(sysctl.o)
                0x00003aa4                SysCtlDeepSleepPowerSet
 .text.SysCtlDelay
                0x00003ab0        0x8 C:\Users\Quant\AppData\Local\Energia15\packages\energia\hardware\tivac\1.0.3\system/driverlib/libdriverlib.a(sysctl.o)
                0x00003ab0                SysCtlDelay
 .text.SysCtlClockGet
                0x00003ab8      0x12c C:\Users\Quant\AppData\Local\Energia15\packages\energia\hardware\tivac\1.0.3\system/driverlib/libdriverlib.a(sysctl.o)
                0x00003ab8                SysCtlClockGet
 .text.malloc   0x00003be4       0x10 c:/users/quant/appdata/local/energia15/packages/energia/tools/arm-none-eabi-gcc/6.3.1-20170620/bin/../lib/gcc/arm-none-eabi/6.3.1/../../../../arm-none-eabi/lib/thumb/v7e-m/fpv4-sp/hard\libc_nano.a(lib_a-malloc.o)
                0x00003be4                malloc
 .text.free     0x00003bf4       0x10 c:/users/quant/appdata/local/energia15/packages/energia/tools/arm-none-eabi-gcc/6.3.1-20170620/bin/../lib/gcc/arm-none-eabi/6.3.1/../../../../arm-none-eabi/lib/thumb/v7e-m/fpv4-sp/hard\libc_nano.a(lib_a-malloc.o)
                0x00003bf4                free
 .text._free_r  0x00003c04       0x9c c:/users/quant/appdata/local/energia15/packages/energia/tools/arm-none-eabi-gcc/6.3.1-20170620/bin/../lib/gcc/arm-none-eabi/6.3.1/../../../../arm-none-eabi/lib/thumb/v7e-m/fpv4-sp/hard\libc_nano.a(lib_a-nano-freer.o)
                0x00003c04                _free_r
 .text._malloc_r
                0x00003ca0       0xbc c:/users/quant/appdata/local/energia15/packages/energia/tools/arm-none-eabi-gcc/6.3.1-20170620/bin/../lib/gcc/arm-none-eabi/6.3.1/../../../../arm-none-eabi/lib/thumb/v7e-m/fpv4-sp/hard\libc_nano.a(lib_a-nano-mallocr.o)
                0x00003ca0                _malloc_r
 .text._sbrk_r  0x00003d5c       0x20 c:/users/quant/appdata/local/energia15/packages/energia/tools/arm-none-eabi-gcc/6.3.1-20170620/bin/../lib/gcc/arm-none-eabi/6.3.1/../../../../arm-none-eabi/lib/thumb/v7e-m/fpv4-sp/hard\libc_nano.a(lib_a-sbrkr.o)
                0x00003d5c                _sbrk_r
 .text          0x00003d7c       0x10 c:/users/quant/appdata/local/energia15/packages/energia/tools/arm-none-eabi-gcc/6.3.1-20170620/bin/../lib/gcc/arm-none-eabi/6.3.1/../../../../arm-none-eabi/lib/thumb/v7e-m/fpv4-sp/hard\libc_nano.a(lib_a-strlen.o)
                0x00003d7c                strlen
 .text.__malloc_lock
                0x00003d8c        0x2 c:/users/quant/appdata/local/energia15/packages/energia/tools/arm-none-eabi-gcc/6.3.1-20170620/bin/../lib/gcc/arm-none-eabi/6.3.1/../../../../arm-none-eabi/lib/thumb/v7e-m/fpv4-sp/hard\libc_nano.a(lib_a-mlock.o)
                0x00003d8c                __malloc_lock
 .text.__malloc_unlock
                0x00003d8e        0x2 c:/users/quant/appdata/local/energia15/packages/energia/tools/arm-none-eabi-gcc/6.3.1-20170620/bin/../lib/gcc/arm-none-eabi/6.3.1/../../../../arm-none-eabi/lib/thumb/v7e-m/fpv4-sp/hard\libc_nano.a(lib_a-mlock.o)
                0x00003d8e                __malloc_unlock
 *(.glue_7t)
 .glue_7t       0x00003d90        0x0 linker stubs
 *(.glue_7)
 .glue_7        0x00003d90        0x0 linker stubs
 *(.rodata .rodata* .gnu.linkonce.r.*)
 .rodata._Z11playerCountv.str1.1
                0x00003d90       0x1a SnakeGame_Beta_0.07_4-16-2020.cpp.o
                                 0x1c (size before relaxing)
 .rodata._Z6pausedv.str1.1
                0x00003daa        0x7 SnakeGame_Beta_0.07_4-16-2020.cpp.o
 .rodata._Z9gameScalev.str1.1
                0x00003db1       0x60 SnakeGame_Beta_0.07_4-16-2020.cpp.o
 .rodata._ZL9JOYSTICKS
                0x00003e11        0x8 SnakeGame_Beta_0.07_4-16-2020.cpp.o
 .rodata._ZN5Snake10PrintScoreEv.str1.1
                0x00003e19        0x4 SnakeGame_Beta_0.07_4-16-2020.cpp.o
 .rodata._ZN5Snake9SnakeMoveEv.str1.1
                0x00003e1d        0x4 SnakeGame_Beta_0.07_4-16-2020.cpp.o
 .rodata.loop.str1.1
                0x00003e21       0x16 SnakeGame_Beta_0.07_4-16-2020.cpp.o
                                 0x1d (size before relaxing)
 .rodata._ZL4font
                0x00003e37      0x500 Adafruit_GFX_Library\Adafruit_GFX.cpp.o
 *fill*         0x00004337        0x1 
 .rodata._ZTV12Adafruit_GFX
                0x00004338       0x58 Adafruit_GFX_Library\Adafruit_GFX.cpp.o
                0x00004338                vtable for Adafruit_GFX
 .rodata._ZTV15Adafruit_SPITFT
                0x00004390       0x60 Adafruit_GFX_Library\Adafruit_SPITFT.cpp.o
                0x00004390                vtable for Adafruit_SPITFT
 .rodata._ZL14generic_st7789
                0x000043f0       0x23 Adafruit_ST7735_and_ST7789_Library\Adafruit_ST7789.cpp.o
 *fill*         0x00004413        0x1 
 .rodata._ZTV15Adafruit_ST7789
                0x00004414       0x60 Adafruit_ST7735_and_ST7789_Library\Adafruit_ST7789.cpp.o
                0x00004414                vtable for Adafruit_ST7789
 .rodata._ZTV15Adafruit_ST77xx
                0x00004474       0x60 Adafruit_ST7735_and_ST7789_Library\Adafruit_ST77xx.cpp.o
                0x00004474                vtable for Adafruit_ST77xx
 .rodata._ZL11g_ulSSIBase
                0x000044d4       0x10 spiE-TIVAC-SPI-master\spiE.cpp.o
 .rodata._ZL11g_ulSSIPins
                0x000044e4       0x10 spiE-TIVAC-SPI-master\spiE.cpp.o
 .rodata._ZL11g_ulSSIPort
                0x000044f4       0x10 spiE-TIVAC-SPI-master\spiE.cpp.o
 .rodata._ZL13g_ulSSIConfig
                0x00004504       0x40 spiE-TIVAC-SPI-master\spiE.cpp.o
 .rodata._ZL13g_ulSSIPeriph
                0x00004544       0x10 spiE-TIVAC-SPI-master\spiE.cpp.o
 .rodata._ZL16g_u8SlaveSelPins
                0x00004554        0x4 spiE-TIVAC-SPI-master\spiE.cpp.o
 .rodata.digital_pin_to_analog_in
                0x00004558       0xa4 C:\Users\Quant\AppData\Local\Temp\VMBuilds\SnakeGame_Beta_0.07_4-16-2020\energia_energia_tivac_EK-TM4C123GXL\Debug/core.a(wiring_digital.c.o)
                0x00004558                digital_pin_to_analog_in
 .rodata.digital_pin_to_bit_mask
                0x000045fc       0x29 C:\Users\Quant\AppData\Local\Temp\VMBuilds\SnakeGame_Beta_0.07_4-16-2020\energia_energia_tivac_EK-TM4C123GXL\Debug/core.a(wiring_digital.c.o)
                0x000045fc                digital_pin_to_bit_mask
 .rodata.digital_pin_to_port
                0x00004625       0x29 C:\Users\Quant\AppData\Local\Temp\VMBuilds\SnakeGame_Beta_0.07_4-16-2020\energia_energia_tivac_EK-TM4C123GXL\Debug/core.a(wiring_digital.c.o)
                0x00004625                digital_pin_to_port
 .rodata.digital_pin_to_timer
                0x0000464e       0x29 C:\Users\Quant\AppData\Local\Temp\VMBuilds\SnakeGame_Beta_0.07_4-16-2020\energia_energia_tivac_EK-TM4C123GXL\Debug/core.a(wiring_digital.c.o)
                0x0000464e                digital_pin_to_timer
 *fill*         0x00004677        0x1 
 .rodata.port_to_base
                0x00004678       0x1c C:\Users\Quant\AppData\Local\Temp\VMBuilds\SnakeGame_Beta_0.07_4-16-2020\energia_energia_tivac_EK-TM4C123GXL\Debug/core.a(wiring_digital.c.o)
                0x00004678                port_to_base
 .rodata.timer_to_ab
                0x00004694       0x17 C:\Users\Quant\AppData\Local\Temp\VMBuilds\SnakeGame_Beta_0.07_4-16-2020\energia_energia_tivac_EK-TM4C123GXL\Debug/core.a(wiring_digital.c.o)
                0x00004694                timer_to_ab
 *fill*         0x000046ab        0x1 
 .rodata.timer_to_offset
                0x000046ac       0x5c C:\Users\Quant\AppData\Local\Temp\VMBuilds\SnakeGame_Beta_0.07_4-16-2020\energia_energia_tivac_EK-TM4C123GXL\Debug/core.a(wiring_digital.c.o)
                0x000046ac                timer_to_offset
 .rodata.timer_to_pin_config
                0x00004708       0x5c C:\Users\Quant\AppData\Local\Temp\VMBuilds\SnakeGame_Beta_0.07_4-16-2020\energia_energia_tivac_EK-TM4C123GXL\Debug/core.a(wiring_digital.c.o)
                0x00004708                timer_to_pin_config
 .rodata._ZL11g_ulUARTInt
                0x00004764       0x20 C:\Users\Quant\AppData\Local\Temp\VMBuilds\SnakeGame_Beta_0.07_4-16-2020\energia_energia_tivac_EK-TM4C123GXL\Debug/core.a(HardwareSerial.cpp.o)
 .rodata._ZL12g_ulUARTBase
                0x00004784       0x20 C:\Users\Quant\AppData\Local\Temp\VMBuilds\SnakeGame_Beta_0.07_4-16-2020\energia_energia_tivac_EK-TM4C123GXL\Debug/core.a(HardwareSerial.cpp.o)
 .rodata._ZL12g_ulUARTPins
                0x000047a4       0x20 C:\Users\Quant\AppData\Local\Temp\VMBuilds\SnakeGame_Beta_0.07_4-16-2020\energia_energia_tivac_EK-TM4C123GXL\Debug/core.a(HardwareSerial.cpp.o)
 .rodata._ZL12g_ulUARTPort
                0x000047c4       0x20 C:\Users\Quant\AppData\Local\Temp\VMBuilds\SnakeGame_Beta_0.07_4-16-2020\energia_energia_tivac_EK-TM4C123GXL\Debug/core.a(HardwareSerial.cpp.o)
 .rodata._ZL14g_ulUARTConfig
                0x000047e4       0x40 C:\Users\Quant\AppData\Local\Temp\VMBuilds\SnakeGame_Beta_0.07_4-16-2020\energia_energia_tivac_EK-TM4C123GXL\Debug/core.a(HardwareSerial.cpp.o)
 .rodata._ZL14g_ulUARTPeriph
                0x00004824       0x20 C:\Users\Quant\AppData\Local\Temp\VMBuilds\SnakeGame_Beta_0.07_4-16-2020\energia_energia_tivac_EK-TM4C123GXL\Debug/core.a(HardwareSerial.cpp.o)
 .rodata._ZTV14HardwareSerial
                0x00004844       0x24 C:\Users\Quant\AppData\Local\Temp\VMBuilds\SnakeGame_Beta_0.07_4-16-2020\energia_energia_tivac_EK-TM4C123GXL\Debug/core.a(HardwareSerial.cpp.o)
                0x00004844                vtable for HardwareSerial
 .rodata._ZN5Print7printlnEv.str1.1
                0x00004868        0x3 C:\Users\Quant\AppData\Local\Temp\VMBuilds\SnakeGame_Beta_0.07_4-16-2020\energia_energia_tivac_EK-TM4C123GXL\Debug/core.a(Print.cpp.o)
 *fill*         0x0000486b        0x1 
 .rodata.g_pui32Xtals
                0x0000486c       0x6c C:\Users\Quant\AppData\Local\Energia15\packages\energia\hardware\tivac\1.0.3\system/driverlib/libdriverlib.a(sysctl.o)
 *(.ARM.extab* .gnu.linkonce.armextab.*)
                0x000048d8                . = ALIGN (0x4)
 *(.init)
                0x000048d8                . = ALIGN (0x4)
                0x000048d8                __preinit_array_start = .
 *(SORT(.preinit_array*))
 *(.preinit_array)
                0x000048d8                __preinit_array_end = .
                0x000048d8                . = ALIGN (0x4)
                0x000048d8                __init_array_start = .
 *(SORT(.init_array.*))
 *(.init_array)
 .init_array    0x000048d8        0x4 SnakeGame_Beta_0.07_4-16-2020.cpp.o
 .init_array    0x000048dc        0x4 spiE-TIVAC-SPI-master\spiE.cpp.o
 .init_array    0x000048e0        0x4 C:\Users\Quant\AppData\Local\Temp\VMBuilds\SnakeGame_Beta_0.07_4-16-2020\energia_energia_tivac_EK-TM4C123GXL\Debug/core.a(HardwareSerial.cpp.o)
                0x000048e4                __init_array_end = .
                0x000048e4                . = ALIGN (0x4)
 *(.fini)
                0x000048e4                . = ALIGN (0x4)
                0x000048e4                __fini_array_start = .
 *(.fini_array)
 *(SORT(.fini_array.*))
                0x000048e4                __fini_array_end = .
                0x000048e4                . = ALIGN (0x4)
                0x000048e4                _etext = .

.vfp11_veneer   0x000048e4        0x0
 .vfp11_veneer  0x000048e4        0x0 linker stubs

.v4_bx          0x000048e4        0x0
 .v4_bx         0x000048e4        0x0 linker stubs

.iplt           0x000048e4        0x0
 .iplt          0x000048e4        0x0 SnakeGame_Beta_0.07_4-16-2020.cpp.o

.rel.dyn        0x000048e4        0x0
 .rel.iplt      0x000048e4        0x0 SnakeGame_Beta_0.07_4-16-2020.cpp.o

.data           0x20000000       0x6c load address 0x000048e4
                0x20000000                . = ALIGN (0x4)
                0x20000000                _data = .
 *(vtable)
 *(.data .data* .gnu.linkonce.d.*)
 .data._readResolution
                0x20000000        0x4 C:\Users\Quant\AppData\Local\Temp\VMBuilds\SnakeGame_Beta_0.07_4-16-2020\energia_energia_tivac_EK-TM4C123GXL\Debug/core.a(wiring_analog.c.o)
 .data.next     0x20000004        0x4 C:\Users\Quant\AppData\Local\Temp\VMBuilds\SnakeGame_Beta_0.07_4-16-2020\energia_energia_tivac_EK-TM4C123GXL\Debug/core.a(random.c.o)
 .data._impure_ptr
                0x20000008        0x4 c:/users/quant/appdata/local/energia15/packages/energia/tools/arm-none-eabi-gcc/6.3.1-20170620/bin/../lib/gcc/arm-none-eabi/6.3.1/../../../../arm-none-eabi/lib/thumb/v7e-m/fpv4-sp/hard\libc_nano.a(lib_a-impure.o)
                0x20000008                _impure_ptr
 .data.impure_data
                0x2000000c       0x60 c:/users/quant/appdata/local/energia15/packages/energia/tools/arm-none-eabi-gcc/6.3.1-20170620/bin/../lib/gcc/arm-none-eabi/6.3.1/../../../../arm-none-eabi/lib/thumb/v7e-m/fpv4-sp/hard\libc_nano.a(lib_a-impure.o)
                0x2000006c                _edata = .

.igot.plt       0x2000006c        0x0 load address 0x00004950
 .igot.plt      0x2000006c        0x0 SnakeGame_Beta_0.07_4-16-2020.cpp.o

.bss            0x2000006c      0x4a4 load address 0x00004950
                0x2000006c                . = ALIGN (0x4)
                0x2000006c                _bss = .
 *(.bss .bss*)
 .bss._ZGVZ9playAgainvE12referenceDir
                0x2000006c        0x4 SnakeGame_Beta_0.07_4-16-2020.cpp.o
 .bss._ZGVZ9playAgainvE13referenceTick
                0x20000070        0x4 SnakeGame_Beta_0.07_4-16-2020.cpp.o
 .bss._ZGVZ9playAgainvE15referenceUpdate
                0x20000074        0x4 SnakeGame_Beta_0.07_4-16-2020.cpp.o
 .bss._ZZ11playerCountvE12referenceDir
                0x20000078        0x4 SnakeGame_Beta_0.07_4-16-2020.cpp.o
 .bss._ZZ11playerCountvE15referenceUpdate
                0x2000007c        0x4 SnakeGame_Beta_0.07_4-16-2020.cpp.o
 .bss._ZZ4loopE12referenceDir
                0x20000080        0x4 SnakeGame_Beta_0.07_4-16-2020.cpp.o
 .bss._ZZ4loopE15referenceScreen
                0x20000084        0x4 SnakeGame_Beta_0.07_4-16-2020.cpp.o
 .bss._ZZ4loopE5alive
                0x20000088        0x1 SnakeGame_Beta_0.07_4-16-2020.cpp.o
 *fill*         0x20000089        0x3 
 .bss._ZZ9gameScalevE12referenceDir
                0x2000008c        0x4 SnakeGame_Beta_0.07_4-16-2020.cpp.o
 .bss._ZZ9gameScalevE15referenceUpdate
                0x20000090        0x4 SnakeGame_Beta_0.07_4-16-2020.cpp.o
 .bss._ZZ9playAgainvE12referenceDir
                0x20000094        0x4 SnakeGame_Beta_0.07_4-16-2020.cpp.o
 .bss._ZZ9playAgainvE13referenceTick
                0x20000098        0x4 SnakeGame_Beta_0.07_4-16-2020.cpp.o
 .bss._ZZ9playAgainvE15referenceUpdate
                0x2000009c        0x4 SnakeGame_Beta_0.07_4-16-2020.cpp.o
 .bss.button    0x200000a0        0x1 SnakeGame_Beta_0.07_4-16-2020.cpp.o
                0x200000a0                button
 *fill*         0x200000a1        0x3 
 .bss.displayMatrix
                0x200000a4        0x4 SnakeGame_Beta_0.07_4-16-2020.cpp.o
                0x200000a4                displayMatrix
 .bss.food      0x200000a8        0x2 SnakeGame_Beta_0.07_4-16-2020.cpp.o
                0x200000a8                food
 .bss.gameRunning
                0x200000aa        0x1 SnakeGame_Beta_0.07_4-16-2020.cpp.o
                0x200000aa                gameRunning
 .bss.players   0x200000ab        0x1 SnakeGame_Beta_0.07_4-16-2020.cpp.o
                0x200000ab                players
 .bss.scale     0x200000ac        0x1 SnakeGame_Beta_0.07_4-16-2020.cpp.o
                0x200000ac                scale
 *fill*         0x200000ad        0x3 
 .bss.snakePtrs
                0x200000b0       0x10 SnakeGame_Beta_0.07_4-16-2020.cpp.o
                0x200000b0                snakePtrs
 .bss.tft       0x200000c0       0x48 SnakeGame_Beta_0.07_4-16-2020.cpp.o
                0x200000c0                tft
 .bss.SPI       0x20000108        0xc spiE-TIVAC-SPI-master\spiE.cpp.o
                0x20000108                SPI
 .bss.SPI0      0x20000114        0xc spiE-TIVAC-SPI-master\spiE.cpp.o
                0x20000114                SPI0
 .bss.SPI1      0x20000120        0xc spiE-TIVAC-SPI-master\spiE.cpp.o
                0x20000120                SPI1
 .bss.SPI3      0x2000012c        0xc spiE-TIVAC-SPI-master\spiE.cpp.o
                0x2000012c                SPI3
 .bss._ZZN8SPIClass8transferEhhhE10repeatFlag
                0x20000138        0x1 spiE-TIVAC-SPI-master\spiE.cpp.o
 *fill*         0x20000139        0x3 
 .bss.heap_end.7693
                0x2000013c        0x4 C:\Users\Quant\AppData\Local\Temp\VMBuilds\SnakeGame_Beta_0.07_4-16-2020\energia_energia_tivac_EK-TM4C123GXL\Debug/core.a(startup_gcc.c.o)
 .bss.cbFuncsA  0x20000140       0x20 C:\Users\Quant\AppData\Local\Temp\VMBuilds\SnakeGame_Beta_0.07_4-16-2020\energia_energia_tivac_EK-TM4C123GXL\Debug/core.a(WInterrupts.c.o)
 .bss.cbFuncsB  0x20000160       0x20 C:\Users\Quant\AppData\Local\Temp\VMBuilds\SnakeGame_Beta_0.07_4-16-2020\energia_energia_tivac_EK-TM4C123GXL\Debug/core.a(WInterrupts.c.o)
 .bss.cbFuncsC  0x20000180       0x20 C:\Users\Quant\AppData\Local\Temp\VMBuilds\SnakeGame_Beta_0.07_4-16-2020\energia_energia_tivac_EK-TM4C123GXL\Debug/core.a(WInterrupts.c.o)
 .bss.cbFuncsD  0x200001a0       0x20 C:\Users\Quant\AppData\Local\Temp\VMBuilds\SnakeGame_Beta_0.07_4-16-2020\energia_energia_tivac_EK-TM4C123GXL\Debug/core.a(WInterrupts.c.o)
 .bss.cbFuncsE  0x200001c0       0x20 C:\Users\Quant\AppData\Local\Temp\VMBuilds\SnakeGame_Beta_0.07_4-16-2020\energia_energia_tivac_EK-TM4C123GXL\Debug/core.a(WInterrupts.c.o)
 .bss.cbFuncsF  0x200001e0       0x20 C:\Users\Quant\AppData\Local\Temp\VMBuilds\SnakeGame_Beta_0.07_4-16-2020\energia_energia_tivac_EK-TM4C123GXL\Debug/core.a(WInterrupts.c.o)
 .bss.cbFuncsG  0x20000200       0x20 C:\Users\Quant\AppData\Local\Temp\VMBuilds\SnakeGame_Beta_0.07_4-16-2020\energia_energia_tivac_EK-TM4C123GXL\Debug/core.a(WInterrupts.c.o)
 .bss.cbFuncsH  0x20000220       0x20 C:\Users\Quant\AppData\Local\Temp\VMBuilds\SnakeGame_Beta_0.07_4-16-2020\energia_energia_tivac_EK-TM4C123GXL\Debug/core.a(WInterrupts.c.o)
 .bss.cbFuncsJ  0x20000240       0x20 C:\Users\Quant\AppData\Local\Temp\VMBuilds\SnakeGame_Beta_0.07_4-16-2020\energia_energia_tivac_EK-TM4C123GXL\Debug/core.a(WInterrupts.c.o)
 .bss.cbFuncsK  0x20000260       0x20 C:\Users\Quant\AppData\Local\Temp\VMBuilds\SnakeGame_Beta_0.07_4-16-2020\energia_energia_tivac_EK-TM4C123GXL\Debug/core.a(WInterrupts.c.o)
 .bss.cbFuncsL  0x20000280       0x20 C:\Users\Quant\AppData\Local\Temp\VMBuilds\SnakeGame_Beta_0.07_4-16-2020\energia_energia_tivac_EK-TM4C123GXL\Debug/core.a(WInterrupts.c.o)
 .bss.cbFuncsM  0x200002a0       0x20 C:\Users\Quant\AppData\Local\Temp\VMBuilds\SnakeGame_Beta_0.07_4-16-2020\energia_energia_tivac_EK-TM4C123GXL\Debug/core.a(WInterrupts.c.o)
 .bss.cbFuncsN  0x200002c0       0x20 C:\Users\Quant\AppData\Local\Temp\VMBuilds\SnakeGame_Beta_0.07_4-16-2020\energia_energia_tivac_EK-TM4C123GXL\Debug/core.a(WInterrupts.c.o)
 .bss.cbFuncsP  0x200002e0       0x20 C:\Users\Quant\AppData\Local\Temp\VMBuilds\SnakeGame_Beta_0.07_4-16-2020\energia_energia_tivac_EK-TM4C123GXL\Debug/core.a(WInterrupts.c.o)
 .bss.cbFuncsQ  0x20000300       0x20 C:\Users\Quant\AppData\Local\Temp\VMBuilds\SnakeGame_Beta_0.07_4-16-2020\energia_energia_tivac_EK-TM4C123GXL\Debug/core.a(WInterrupts.c.o)
 .bss.SysTickCbFuncs
                0x20000320       0x20 C:\Users\Quant\AppData\Local\Temp\VMBuilds\SnakeGame_Beta_0.07_4-16-2020\energia_energia_tivac_EK-TM4C123GXL\Debug/core.a(wiring.c.o)
 .bss.milliseconds
                0x20000340        0x4 C:\Users\Quant\AppData\Local\Temp\VMBuilds\SnakeGame_Beta_0.07_4-16-2020\energia_energia_tivac_EK-TM4C123GXL\Debug/core.a(wiring.c.o)
 .bss.Serial    0x20000344       0x38 C:\Users\Quant\AppData\Local\Temp\VMBuilds\SnakeGame_Beta_0.07_4-16-2020\energia_energia_tivac_EK-TM4C123GXL\Debug/core.a(HardwareSerial.cpp.o)
                0x20000344                Serial
 .bss.Serial1   0x2000037c       0x38 C:\Users\Quant\AppData\Local\Temp\VMBuilds\SnakeGame_Beta_0.07_4-16-2020\energia_energia_tivac_EK-TM4C123GXL\Debug/core.a(HardwareSerial.cpp.o)
                0x2000037c                Serial1
 .bss.Serial2   0x200003b4       0x38 C:\Users\Quant\AppData\Local\Temp\VMBuilds\SnakeGame_Beta_0.07_4-16-2020\energia_energia_tivac_EK-TM4C123GXL\Debug/core.a(HardwareSerial.cpp.o)
                0x200003b4                Serial2
 .bss.Serial3   0x200003ec       0x38 C:\Users\Quant\AppData\Local\Temp\VMBuilds\SnakeGame_Beta_0.07_4-16-2020\energia_energia_tivac_EK-TM4C123GXL\Debug/core.a(HardwareSerial.cpp.o)
                0x200003ec                Serial3
 .bss.Serial4   0x20000424       0x38 C:\Users\Quant\AppData\Local\Temp\VMBuilds\SnakeGame_Beta_0.07_4-16-2020\energia_energia_tivac_EK-TM4C123GXL\Debug/core.a(HardwareSerial.cpp.o)
                0x20000424                Serial4
 .bss.Serial5   0x2000045c       0x38 C:\Users\Quant\AppData\Local\Temp\VMBuilds\SnakeGame_Beta_0.07_4-16-2020\energia_energia_tivac_EK-TM4C123GXL\Debug/core.a(HardwareSerial.cpp.o)
                0x2000045c                Serial5
 .bss.Serial6   0x20000494       0x38 C:\Users\Quant\AppData\Local\Temp\VMBuilds\SnakeGame_Beta_0.07_4-16-2020\energia_energia_tivac_EK-TM4C123GXL\Debug/core.a(HardwareSerial.cpp.o)
                0x20000494                Serial6
 .bss.Serial7   0x200004cc       0x38 C:\Users\Quant\AppData\Local\Temp\VMBuilds\SnakeGame_Beta_0.07_4-16-2020\energia_energia_tivac_EK-TM4C123GXL\Debug/core.a(HardwareSerial.cpp.o)
                0x200004cc                Serial7
 .bss.__malloc_free_list
                0x20000504        0x4 c:/users/quant/appdata/local/energia15/packages/energia/tools/arm-none-eabi-gcc/6.3.1-20170620/bin/../lib/gcc/arm-none-eabi/6.3.1/../../../../arm-none-eabi/lib/thumb/v7e-m/fpv4-sp/hard\libc_nano.a(lib_a-nano-mallocr.o)
                0x20000504                __malloc_free_list
 .bss.__malloc_sbrk_start
                0x20000508        0x4 c:/users/quant/appdata/local/energia15/packages/energia/tools/arm-none-eabi-gcc/6.3.1-20170620/bin/../lib/gcc/arm-none-eabi/6.3.1/../../../../arm-none-eabi/lib/thumb/v7e-m/fpv4-sp/hard\libc_nano.a(lib_a-nano-mallocr.o)
                0x20000508                __malloc_sbrk_start
 *(COMMON)
 COMMON         0x2000050c        0x4 c:/users/quant/appdata/local/energia15/packages/energia/tools/arm-none-eabi-gcc/6.3.1-20170620/bin/../lib/gcc/arm-none-eabi/6.3.1/../../../../arm-none-eabi/lib/thumb/v7e-m/fpv4-sp/hard\libc_nano.a(lib_a-reent.o)
                0x2000050c                errno
                0x20000510                . = ALIGN (0x4)
                0x20000510                _ebss = .
                0x20000510                . = ALIGN (0x8)
                [!provide]                PROVIDE (__exidx_start, .)

.ARM.exidx
 *(.ARM.exidx* .gnu.linkonce.armexidx.*)
                [!provide]                PROVIDE (__exidx_end, .)
                0x20000510                . = ALIGN (0x4)
                0x20000510                _end = .
                0x20000510                PROVIDE (end, _end)
                0x20008000                PROVIDE (_estack, (ORIGIN (ram) + LENGTH (ram)))
OUTPUT(C:\Users\Quant\AppData\Local\Temp\VMBuilds\SnakeGame_Beta_0.07_4-16-2020\energia_energia_tivac_EK-TM4C123GXL\Debug/SnakeGame_Beta_0.07_4-16-2020.ino.elf elf32-littlearm)

.debug_info     0x00000000    0x24bc9
 .debug_info    0x00000000     0x376f SnakeGame_Beta_0.07_4-16-2020.cpp.o
 .debug_info    0x0000376f     0x7543 Adafruit_GFX_Library\Adafruit_GFX.cpp.o
 .debug_info    0x0000acb2     0x4344 Adafruit_GFX_Library\Adafruit_SPITFT.cpp.o
 .debug_info    0x0000eff6     0x1b9d Adafruit_ST7735_and_ST7789_Library\Adafruit_ST7789.cpp.o
 .debug_info    0x00010b93     0x1fd7 Adafruit_ST7735_and_ST7789_Library\Adafruit_ST77xx.cpp.o
 .debug_info    0x00012b6a     0x1c36 spiE-TIVAC-SPI-master\spiE.cpp.o
 .debug_info    0x000147a0     0x1233 C:\Users\Quant\AppData\Local\Temp\VMBuilds\SnakeGame_Beta_0.07_4-16-2020\energia_energia_tivac_EK-TM4C123GXL\Debug/core.a(startup_gcc.c.o)
 .debug_info    0x000159d3     0x12f0 C:\Users\Quant\AppData\Local\Temp\VMBuilds\SnakeGame_Beta_0.07_4-16-2020\energia_energia_tivac_EK-TM4C123GXL\Debug/core.a(WInterrupts.c.o)
 .debug_info    0x00016cc3      0xee8 C:\Users\Quant\AppData\Local\Temp\VMBuilds\SnakeGame_Beta_0.07_4-16-2020\energia_energia_tivac_EK-TM4C123GXL\Debug/core.a(wiring.c.o)
 .debug_info    0x00017bab     0x12b9 C:\Users\Quant\AppData\Local\Temp\VMBuilds\SnakeGame_Beta_0.07_4-16-2020\energia_energia_tivac_EK-TM4C123GXL\Debug/core.a(wiring_analog.c.o)
 .debug_info    0x00018e64      0xe43 C:\Users\Quant\AppData\Local\Temp\VMBuilds\SnakeGame_Beta_0.07_4-16-2020\energia_energia_tivac_EK-TM4C123GXL\Debug/core.a(wiring_digital.c.o)
 .debug_info    0x00019ca7     0x3715 C:\Users\Quant\AppData\Local\Temp\VMBuilds\SnakeGame_Beta_0.07_4-16-2020\energia_energia_tivac_EK-TM4C123GXL\Debug/core.a(HardwareSerial.cpp.o)
 .debug_info    0x0001d3bc     0x153a C:\Users\Quant\AppData\Local\Temp\VMBuilds\SnakeGame_Beta_0.07_4-16-2020\energia_energia_tivac_EK-TM4C123GXL\Debug/core.a(main.cpp.o)
 .debug_info    0x0001e8f6      0xfcf C:\Users\Quant\AppData\Local\Temp\VMBuilds\SnakeGame_Beta_0.07_4-16-2020\energia_energia_tivac_EK-TM4C123GXL\Debug/core.a(new.cpp.o)
 .debug_info    0x0001f8c5     0x3973 C:\Users\Quant\AppData\Local\Temp\VMBuilds\SnakeGame_Beta_0.07_4-16-2020\energia_energia_tivac_EK-TM4C123GXL\Debug/core.a(Print.cpp.o)
 .debug_info    0x00023238      0xffe C:\Users\Quant\AppData\Local\Temp\VMBuilds\SnakeGame_Beta_0.07_4-16-2020\energia_energia_tivac_EK-TM4C123GXL\Debug/core.a(WMath.cpp.o)
 .debug_info    0x00024236      0x993 C:\Users\Quant\AppData\Local\Temp\VMBuilds\SnakeGame_Beta_0.07_4-16-2020\energia_energia_tivac_EK-TM4C123GXL\Debug/core.a(random.c.o)

.debug_abbrev   0x00000000     0x5231
 .debug_abbrev  0x00000000      0x6fc SnakeGame_Beta_0.07_4-16-2020.cpp.o
 .debug_abbrev  0x000006fc      0x8dc Adafruit_GFX_Library\Adafruit_GFX.cpp.o
 .debug_abbrev  0x00000fd8      0x70d Adafruit_GFX_Library\Adafruit_SPITFT.cpp.o
 .debug_abbrev  0x000016e5      0x4f2 Adafruit_ST7735_and_ST7789_Library\Adafruit_ST7789.cpp.o
 .debug_abbrev  0x00001bd7      0x558 Adafruit_ST7735_and_ST7789_Library\Adafruit_ST77xx.cpp.o
 .debug_abbrev  0x0000212f      0x58d spiE-TIVAC-SPI-master\spiE.cpp.o
 .debug_abbrev  0x000026bc      0x363 C:\Users\Quant\AppData\Local\Temp\VMBuilds\SnakeGame_Beta_0.07_4-16-2020\energia_energia_tivac_EK-TM4C123GXL\Debug/core.a(startup_gcc.c.o)
 .debug_abbrev  0x00002a1f      0x31b C:\Users\Quant\AppData\Local\Temp\VMBuilds\SnakeGame_Beta_0.07_4-16-2020\energia_energia_tivac_EK-TM4C123GXL\Debug/core.a(WInterrupts.c.o)
 .debug_abbrev  0x00002d3a      0x353 C:\Users\Quant\AppData\Local\Temp\VMBuilds\SnakeGame_Beta_0.07_4-16-2020\energia_energia_tivac_EK-TM4C123GXL\Debug/core.a(wiring.c.o)
 .debug_abbrev  0x0000308d      0x3f9 C:\Users\Quant\AppData\Local\Temp\VMBuilds\SnakeGame_Beta_0.07_4-16-2020\energia_energia_tivac_EK-TM4C123GXL\Debug/core.a(wiring_analog.c.o)
 .debug_abbrev  0x00003486      0x2a1 C:\Users\Quant\AppData\Local\Temp\VMBuilds\SnakeGame_Beta_0.07_4-16-2020\energia_energia_tivac_EK-TM4C123GXL\Debug/core.a(wiring_digital.c.o)
 .debug_abbrev  0x00003727      0x7e2 C:\Users\Quant\AppData\Local\Temp\VMBuilds\SnakeGame_Beta_0.07_4-16-2020\energia_energia_tivac_EK-TM4C123GXL\Debug/core.a(HardwareSerial.cpp.o)
 .debug_abbrev  0x00003f09      0x3a2 C:\Users\Quant\AppData\Local\Temp\VMBuilds\SnakeGame_Beta_0.07_4-16-2020\energia_energia_tivac_EK-TM4C123GXL\Debug/core.a(main.cpp.o)
 .debug_abbrev  0x000042ab      0x368 C:\Users\Quant\AppData\Local\Temp\VMBuilds\SnakeGame_Beta_0.07_4-16-2020\energia_energia_tivac_EK-TM4C123GXL\Debug/core.a(new.cpp.o)
 .debug_abbrev  0x00004613      0x6c4 C:\Users\Quant\AppData\Local\Temp\VMBuilds\SnakeGame_Beta_0.07_4-16-2020\energia_energia_tivac_EK-TM4C123GXL\Debug/core.a(Print.cpp.o)
 .debug_abbrev  0x00004cd7      0x329 C:\Users\Quant\AppData\Local\Temp\VMBuilds\SnakeGame_Beta_0.07_4-16-2020\energia_energia_tivac_EK-TM4C123GXL\Debug/core.a(WMath.cpp.o)
 .debug_abbrev  0x00005000      0x231 C:\Users\Quant\AppData\Local\Temp\VMBuilds\SnakeGame_Beta_0.07_4-16-2020\energia_energia_tivac_EK-TM4C123GXL\Debug/core.a(random.c.o)

.debug_loc      0x00000000     0xbeaf
 .debug_loc     0x00000000     0x132c SnakeGame_Beta_0.07_4-16-2020.cpp.o
 .debug_loc     0x0000132c     0x4e1b Adafruit_GFX_Library\Adafruit_GFX.cpp.o
 .debug_loc     0x00006147     0x24e1 Adafruit_GFX_Library\Adafruit_SPITFT.cpp.o
 .debug_loc     0x00008628      0x322 Adafruit_ST7735_and_ST7789_Library\Adafruit_ST7789.cpp.o
 .debug_loc     0x0000894a      0x6a7 Adafruit_ST7735_and_ST7789_Library\Adafruit_ST77xx.cpp.o
 .debug_loc     0x00008ff1      0x34b spiE-TIVAC-SPI-master\spiE.cpp.o
 .debug_loc     0x0000933c      0x1ca C:\Users\Quant\AppData\Local\Temp\VMBuilds\SnakeGame_Beta_0.07_4-16-2020\energia_energia_tivac_EK-TM4C123GXL\Debug/core.a(startup_gcc.c.o)
 .debug_loc     0x00009506      0x2d4 C:\Users\Quant\AppData\Local\Temp\VMBuilds\SnakeGame_Beta_0.07_4-16-2020\energia_energia_tivac_EK-TM4C123GXL\Debug/core.a(WInterrupts.c.o)
 .debug_loc     0x000097da      0x144 C:\Users\Quant\AppData\Local\Temp\VMBuilds\SnakeGame_Beta_0.07_4-16-2020\energia_energia_tivac_EK-TM4C123GXL\Debug/core.a(wiring.c.o)
 .debug_loc     0x0000991e      0x530 C:\Users\Quant\AppData\Local\Temp\VMBuilds\SnakeGame_Beta_0.07_4-16-2020\energia_energia_tivac_EK-TM4C123GXL\Debug/core.a(wiring_analog.c.o)
 .debug_loc     0x00009e4e      0x5a5 C:\Users\Quant\AppData\Local\Temp\VMBuilds\SnakeGame_Beta_0.07_4-16-2020\energia_energia_tivac_EK-TM4C123GXL\Debug/core.a(wiring_digital.c.o)
 .debug_loc     0x0000a3f3      0x4b4 C:\Users\Quant\AppData\Local\Temp\VMBuilds\SnakeGame_Beta_0.07_4-16-2020\energia_energia_tivac_EK-TM4C123GXL\Debug/core.a(HardwareSerial.cpp.o)
 .debug_loc     0x0000a8a7       0x63 C:\Users\Quant\AppData\Local\Temp\VMBuilds\SnakeGame_Beta_0.07_4-16-2020\energia_energia_tivac_EK-TM4C123GXL\Debug/core.a(new.cpp.o)
 .debug_loc     0x0000a90a     0x1310 C:\Users\Quant\AppData\Local\Temp\VMBuilds\SnakeGame_Beta_0.07_4-16-2020\energia_energia_tivac_EK-TM4C123GXL\Debug/core.a(Print.cpp.o)
 .debug_loc     0x0000bc1a      0x13c C:\Users\Quant\AppData\Local\Temp\VMBuilds\SnakeGame_Beta_0.07_4-16-2020\energia_energia_tivac_EK-TM4C123GXL\Debug/core.a(WMath.cpp.o)
 .debug_loc     0x0000bd56      0x159 C:\Users\Quant\AppData\Local\Temp\VMBuilds\SnakeGame_Beta_0.07_4-16-2020\energia_energia_tivac_EK-TM4C123GXL\Debug/core.a(random.c.o)

.debug_aranges  0x00000000      0xab8
 .debug_aranges
                0x00000000       0x98 SnakeGame_Beta_0.07_4-16-2020.cpp.o
 .debug_aranges
                0x00000098      0x220 Adafruit_GFX_Library\Adafruit_GFX.cpp.o
 .debug_aranges
                0x000002b8      0x180 Adafruit_GFX_Library\Adafruit_SPITFT.cpp.o
 .debug_aranges
                0x00000438       0x50 Adafruit_ST7735_and_ST7789_Library\Adafruit_ST7789.cpp.o
 .debug_aranges
                0x00000488       0x80 Adafruit_ST7735_and_ST7789_Library\Adafruit_ST77xx.cpp.o
 .debug_aranges
                0x00000508       0x98 spiE-TIVAC-SPI-master\spiE.cpp.o
 .debug_aranges
                0x000005a0       0x90 C:\Users\Quant\AppData\Local\Temp\VMBuilds\SnakeGame_Beta_0.07_4-16-2020\energia_energia_tivac_EK-TM4C123GXL\Debug/core.a(startup_gcc.c.o)
 .debug_aranges
                0x00000630       0xa8 C:\Users\Quant\AppData\Local\Temp\VMBuilds\SnakeGame_Beta_0.07_4-16-2020\energia_energia_tivac_EK-TM4C123GXL\Debug/core.a(WInterrupts.c.o)
 .debug_aranges
                0x000006d8       0x70 C:\Users\Quant\AppData\Local\Temp\VMBuilds\SnakeGame_Beta_0.07_4-16-2020\energia_energia_tivac_EK-TM4C123GXL\Debug/core.a(wiring.c.o)
 .debug_aranges
                0x00000748       0x58 C:\Users\Quant\AppData\Local\Temp\VMBuilds\SnakeGame_Beta_0.07_4-16-2020\energia_energia_tivac_EK-TM4C123GXL\Debug/core.a(wiring_analog.c.o)
 .debug_aranges
                0x000007a0       0x30 C:\Users\Quant\AppData\Local\Temp\VMBuilds\SnakeGame_Beta_0.07_4-16-2020\energia_energia_tivac_EK-TM4C123GXL\Debug/core.a(wiring_digital.c.o)
 .debug_aranges
                0x000007d0       0xf8 C:\Users\Quant\AppData\Local\Temp\VMBuilds\SnakeGame_Beta_0.07_4-16-2020\energia_energia_tivac_EK-TM4C123GXL\Debug/core.a(HardwareSerial.cpp.o)
 .debug_aranges
                0x000008c8       0x28 C:\Users\Quant\AppData\Local\Temp\VMBuilds\SnakeGame_Beta_0.07_4-16-2020\energia_energia_tivac_EK-TM4C123GXL\Debug/core.a(main.cpp.o)
 .debug_aranges
                0x000008f0       0x48 C:\Users\Quant\AppData\Local\Temp\VMBuilds\SnakeGame_Beta_0.07_4-16-2020\energia_energia_tivac_EK-TM4C123GXL\Debug/core.a(new.cpp.o)
 .debug_aranges
                0x00000938      0x100 C:\Users\Quant\AppData\Local\Temp\VMBuilds\SnakeGame_Beta_0.07_4-16-2020\energia_energia_tivac_EK-TM4C123GXL\Debug/core.a(Print.cpp.o)
 .debug_aranges
                0x00000a38       0x48 C:\Users\Quant\AppData\Local\Temp\VMBuilds\SnakeGame_Beta_0.07_4-16-2020\energia_energia_tivac_EK-TM4C123GXL\Debug/core.a(WMath.cpp.o)
 .debug_aranges
                0x00000a80       0x38 C:\Users\Quant\AppData\Local\Temp\VMBuilds\SnakeGame_Beta_0.07_4-16-2020\energia_energia_tivac_EK-TM4C123GXL\Debug/core.a(random.c.o)

.debug_ranges   0x00000000     0x1400
 .debug_ranges  0x00000000      0x488 SnakeGame_Beta_0.07_4-16-2020.cpp.o
 .debug_ranges  0x00000488      0x530 Adafruit_GFX_Library\Adafruit_GFX.cpp.o
 .debug_ranges  0x000009b8      0x320 Adafruit_GFX_Library\Adafruit_SPITFT.cpp.o
 .debug_ranges  0x00000cd8       0x40 Adafruit_ST7735_and_ST7789_Library\Adafruit_ST7789.cpp.o
 .debug_ranges  0x00000d18       0x70 Adafruit_ST7735_and_ST7789_Library\Adafruit_ST77xx.cpp.o
 .debug_ranges  0x00000d88       0xa0 spiE-TIVAC-SPI-master\spiE.cpp.o
 .debug_ranges  0x00000e28       0x80 C:\Users\Quant\AppData\Local\Temp\VMBuilds\SnakeGame_Beta_0.07_4-16-2020\energia_energia_tivac_EK-TM4C123GXL\Debug/core.a(startup_gcc.c.o)
 .debug_ranges  0x00000ea8       0x98 C:\Users\Quant\AppData\Local\Temp\VMBuilds\SnakeGame_Beta_0.07_4-16-2020\energia_energia_tivac_EK-TM4C123GXL\Debug/core.a(WInterrupts.c.o)
 .debug_ranges  0x00000f40       0x90 C:\Users\Quant\AppData\Local\Temp\VMBuilds\SnakeGame_Beta_0.07_4-16-2020\energia_energia_tivac_EK-TM4C123GXL\Debug/core.a(wiring.c.o)
 .debug_ranges  0x00000fd0       0x78 C:\Users\Quant\AppData\Local\Temp\VMBuilds\SnakeGame_Beta_0.07_4-16-2020\energia_energia_tivac_EK-TM4C123GXL\Debug/core.a(wiring_analog.c.o)
 .debug_ranges  0x00001048       0x20 C:\Users\Quant\AppData\Local\Temp\VMBuilds\SnakeGame_Beta_0.07_4-16-2020\energia_energia_tivac_EK-TM4C123GXL\Debug/core.a(wiring_digital.c.o)
 .debug_ranges  0x00001068      0x148 C:\Users\Quant\AppData\Local\Temp\VMBuilds\SnakeGame_Beta_0.07_4-16-2020\energia_energia_tivac_EK-TM4C123GXL\Debug/core.a(HardwareSerial.cpp.o)
 .debug_ranges  0x000011b0       0x18 C:\Users\Quant\AppData\Local\Temp\VMBuilds\SnakeGame_Beta_0.07_4-16-2020\energia_energia_tivac_EK-TM4C123GXL\Debug/core.a(main.cpp.o)
 .debug_ranges  0x000011c8       0x38 C:\Users\Quant\AppData\Local\Temp\VMBuilds\SnakeGame_Beta_0.07_4-16-2020\energia_energia_tivac_EK-TM4C123GXL\Debug/core.a(new.cpp.o)
 .debug_ranges  0x00001200      0x1a0 C:\Users\Quant\AppData\Local\Temp\VMBuilds\SnakeGame_Beta_0.07_4-16-2020\energia_energia_tivac_EK-TM4C123GXL\Debug/core.a(Print.cpp.o)
 .debug_ranges  0x000013a0       0x38 C:\Users\Quant\AppData\Local\Temp\VMBuilds\SnakeGame_Beta_0.07_4-16-2020\energia_energia_tivac_EK-TM4C123GXL\Debug/core.a(WMath.cpp.o)
 .debug_ranges  0x000013d8       0x28 C:\Users\Quant\AppData\Local\Temp\VMBuilds\SnakeGame_Beta_0.07_4-16-2020\energia_energia_tivac_EK-TM4C123GXL\Debug/core.a(random.c.o)

.debug_line     0x00000000     0x7b52
 .debug_line    0x00000000      0xe5c SnakeGame_Beta_0.07_4-16-2020.cpp.o
 .debug_line    0x00000e5c     0x114f Adafruit_GFX_Library\Adafruit_GFX.cpp.o
 .debug_line    0x00001fab      0xcda Adafruit_GFX_Library\Adafruit_SPITFT.cpp.o
 .debug_line    0x00002c85      0x70a Adafruit_ST7735_and_ST7789_Library\Adafruit_ST7789.cpp.o
 .debug_line    0x0000338f      0x75f Adafruit_ST7735_and_ST7789_Library\Adafruit_ST77xx.cpp.o
 .debug_line    0x00003aee      0x738 spiE-TIVAC-SPI-master\spiE.cpp.o
 .debug_line    0x00004226      0x4c8 C:\Users\Quant\AppData\Local\Temp\VMBuilds\SnakeGame_Beta_0.07_4-16-2020\energia_energia_tivac_EK-TM4C123GXL\Debug/core.a(startup_gcc.c.o)
 .debug_line    0x000046ee      0x58d C:\Users\Quant\AppData\Local\Temp\VMBuilds\SnakeGame_Beta_0.07_4-16-2020\energia_energia_tivac_EK-TM4C123GXL\Debug/core.a(WInterrupts.c.o)
 .debug_line    0x00004c7b      0x4e1 C:\Users\Quant\AppData\Local\Temp\VMBuilds\SnakeGame_Beta_0.07_4-16-2020\energia_energia_tivac_EK-TM4C123GXL\Debug/core.a(wiring.c.o)
 .debug_line    0x0000515c      0x4be C:\Users\Quant\AppData\Local\Temp\VMBuilds\SnakeGame_Beta_0.07_4-16-2020\energia_energia_tivac_EK-TM4C123GXL\Debug/core.a(wiring_analog.c.o)
 .debug_line    0x0000561a      0x41a C:\Users\Quant\AppData\Local\Temp\VMBuilds\SnakeGame_Beta_0.07_4-16-2020\energia_energia_tivac_EK-TM4C123GXL\Debug/core.a(wiring_digital.c.o)
 .debug_line    0x00005a34      0x8d6 C:\Users\Quant\AppData\Local\Temp\VMBuilds\SnakeGame_Beta_0.07_4-16-2020\energia_energia_tivac_EK-TM4C123GXL\Debug/core.a(HardwareSerial.cpp.o)
 .debug_line    0x0000630a      0x5ca C:\Users\Quant\AppData\Local\Temp\VMBuilds\SnakeGame_Beta_0.07_4-16-2020\energia_energia_tivac_EK-TM4C123GXL\Debug/core.a(main.cpp.o)
 .debug_line    0x000068d4      0x3f0 C:\Users\Quant\AppData\Local\Temp\VMBuilds\SnakeGame_Beta_0.07_4-16-2020\energia_energia_tivac_EK-TM4C123GXL\Debug/core.a(new.cpp.o)
 .debug_line    0x00006cc4      0x820 C:\Users\Quant\AppData\Local\Temp\VMBuilds\SnakeGame_Beta_0.07_4-16-2020\energia_energia_tivac_EK-TM4C123GXL\Debug/core.a(Print.cpp.o)
 .debug_line    0x000074e4      0x3f6 C:\Users\Quant\AppData\Local\Temp\VMBuilds\SnakeGame_Beta_0.07_4-16-2020\energia_energia_tivac_EK-TM4C123GXL\Debug/core.a(WMath.cpp.o)
 .debug_line    0x000078da      0x278 C:\Users\Quant\AppData\Local\Temp\VMBuilds\SnakeGame_Beta_0.07_4-16-2020\energia_energia_tivac_EK-TM4C123GXL\Debug/core.a(random.c.o)

.debug_str      0x00000000     0x5a0e
 .debug_str     0x00000000     0x11f9 SnakeGame_Beta_0.07_4-16-2020.cpp.o
                               0x1355 (size before relaxing)
 .debug_str     0x000011f9     0x1d34 Adafruit_GFX_Library\Adafruit_GFX.cpp.o
                               0x29c8 (size before relaxing)
 .debug_str     0x00002f2d      0xbb3 Adafruit_GFX_Library\Adafruit_SPITFT.cpp.o
                               0x197f (size before relaxing)
 .debug_str     0x00003ae0      0x1f9 Adafruit_ST7735_and_ST7789_Library\Adafruit_ST7789.cpp.o
                                0xf98 (size before relaxing)
 .debug_str     0x00003cd9      0x2a1 Adafruit_ST7735_and_ST7789_Library\Adafruit_ST77xx.cpp.o
                               0x1132 (size before relaxing)
 .debug_str     0x00003f7a      0x13a spiE-TIVAC-SPI-master\spiE.cpp.o
                                0xdae (size before relaxing)
 .debug_str     0x000040b4      0x436 C:\Users\Quant\AppData\Local\Temp\VMBuilds\SnakeGame_Beta_0.07_4-16-2020\energia_energia_tivac_EK-TM4C123GXL\Debug/core.a(startup_gcc.c.o)
                                0xb4e (size before relaxing)
 .debug_str     0x000044ea      0x264 C:\Users\Quant\AppData\Local\Temp\VMBuilds\SnakeGame_Beta_0.07_4-16-2020\energia_energia_tivac_EK-TM4C123GXL\Debug/core.a(WInterrupts.c.o)
                                0xa45 (size before relaxing)
 .debug_str     0x0000474e      0x144 C:\Users\Quant\AppData\Local\Temp\VMBuilds\SnakeGame_Beta_0.07_4-16-2020\energia_energia_tivac_EK-TM4C123GXL\Debug/core.a(wiring.c.o)
                                0x8fe (size before relaxing)
 .debug_str     0x00004892      0x11f C:\Users\Quant\AppData\Local\Temp\VMBuilds\SnakeGame_Beta_0.07_4-16-2020\energia_energia_tivac_EK-TM4C123GXL\Debug/core.a(wiring_analog.c.o)
                                0x941 (size before relaxing)
 .debug_str     0x000049b1       0x7b C:\Users\Quant\AppData\Local\Temp\VMBuilds\SnakeGame_Beta_0.07_4-16-2020\energia_energia_tivac_EK-TM4C123GXL\Debug/core.a(wiring_digital.c.o)
                                0x861 (size before relaxing)
 .debug_str     0x00004a2c      0x937 C:\Users\Quant\AppData\Local\Temp\VMBuilds\SnakeGame_Beta_0.07_4-16-2020\energia_energia_tivac_EK-TM4C123GXL\Debug/core.a(HardwareSerial.cpp.o)
                               0x2049 (size before relaxing)
 .debug_str     0x00005363       0xa0 C:\Users\Quant\AppData\Local\Temp\VMBuilds\SnakeGame_Beta_0.07_4-16-2020\energia_energia_tivac_EK-TM4C123GXL\Debug/core.a(main.cpp.o)
                                0xb08 (size before relaxing)
 .debug_str     0x00005403       0xe7 C:\Users\Quant\AppData\Local\Temp\VMBuilds\SnakeGame_Beta_0.07_4-16-2020\energia_energia_tivac_EK-TM4C123GXL\Debug/core.a(new.cpp.o)
                                0x85f (size before relaxing)
 .debug_str     0x000054ea      0x3e6 C:\Users\Quant\AppData\Local\Temp\VMBuilds\SnakeGame_Beta_0.07_4-16-2020\energia_energia_tivac_EK-TM4C123GXL\Debug/core.a(Print.cpp.o)
                               0x1a3f (size before relaxing)
 .debug_str     0x000058d0       0xc9 C:\Users\Quant\AppData\Local\Temp\VMBuilds\SnakeGame_Beta_0.07_4-16-2020\energia_energia_tivac_EK-TM4C123GXL\Debug/core.a(WMath.cpp.o)
                                0x84a (size before relaxing)
 .debug_str     0x00005999       0x75 C:\Users\Quant\AppData\Local\Temp\VMBuilds\SnakeGame_Beta_0.07_4-16-2020\energia_energia_tivac_EK-TM4C123GXL\Debug/core.a(random.c.o)
                                0x614 (size before relaxing)

.comment        0x00000000       0xef
 .comment       0x00000000       0x7f SnakeGame_Beta_0.07_4-16-2020.cpp.o
                                 0x80 (size before relaxing)
 .comment       0x0000007f       0x80 Adafruit_GFX_Library\Adafruit_GFX.cpp.o
 .comment       0x0000007f       0x80 Adafruit_GFX_Library\Adafruit_SPITFT.cpp.o
 .comment       0x0000007f       0x80 Adafruit_ST7735_and_ST7789_Library\Adafruit_ST7789.cpp.o
 .comment       0x0000007f       0x80 Adafruit_ST7735_and_ST7789_Library\Adafruit_ST77xx.cpp.o
 .comment       0x0000007f       0x80 spiE-TIVAC-SPI-master\spiE.cpp.o
 .comment       0x0000007f       0x80 C:\Users\Quant\AppData\Local\Temp\VMBuilds\SnakeGame_Beta_0.07_4-16-2020\energia_energia_tivac_EK-TM4C123GXL\Debug/core.a(startup_gcc.c.o)
 .comment       0x0000007f       0x80 C:\Users\Quant\AppData\Local\Temp\VMBuilds\SnakeGame_Beta_0.07_4-16-2020\energia_energia_tivac_EK-TM4C123GXL\Debug/core.a(WInterrupts.c.o)
 .comment       0x0000007f       0x80 C:\Users\Quant\AppData\Local\Temp\VMBuilds\SnakeGame_Beta_0.07_4-16-2020\energia_energia_tivac_EK-TM4C123GXL\Debug/core.a(wiring.c.o)
 .comment       0x0000007f       0x80 C:\Users\Quant\AppData\Local\Temp\VMBuilds\SnakeGame_Beta_0.07_4-16-2020\energia_energia_tivac_EK-TM4C123GXL\Debug/core.a(wiring_analog.c.o)
 .comment       0x0000007f       0x80 C:\Users\Quant\AppData\Local\Temp\VMBuilds\SnakeGame_Beta_0.07_4-16-2020\energia_energia_tivac_EK-TM4C123GXL\Debug/core.a(wiring_digital.c.o)
 .comment       0x0000007f       0x80 C:\Users\Quant\AppData\Local\Temp\VMBuilds\SnakeGame_Beta_0.07_4-16-2020\energia_energia_tivac_EK-TM4C123GXL\Debug/core.a(HardwareSerial.cpp.o)
 .comment       0x0000007f       0x80 C:\Users\Quant\AppData\Local\Temp\VMBuilds\SnakeGame_Beta_0.07_4-16-2020\energia_energia_tivac_EK-TM4C123GXL\Debug/core.a(main.cpp.o)
 .comment       0x0000007f       0x80 C:\Users\Quant\AppData\Local\Temp\VMBuilds\SnakeGame_Beta_0.07_4-16-2020\energia_energia_tivac_EK-TM4C123GXL\Debug/core.a(new.cpp.o)
 .comment       0x0000007f       0x80 C:\Users\Quant\AppData\Local\Temp\VMBuilds\SnakeGame_Beta_0.07_4-16-2020\energia_energia_tivac_EK-TM4C123GXL\Debug/core.a(Print.cpp.o)
 .comment       0x0000007f       0x80 C:\Users\Quant\AppData\Local\Temp\VMBuilds\SnakeGame_Beta_0.07_4-16-2020\energia_energia_tivac_EK-TM4C123GXL\Debug/core.a(WMath.cpp.o)
 .comment       0x0000007f       0x80 C:\Users\Quant\AppData\Local\Temp\VMBuilds\SnakeGame_Beta_0.07_4-16-2020\energia_energia_tivac_EK-TM4C123GXL\Debug/core.a(random.c.o)
 .comment       0x0000007f       0x70 C:\Users\Quant\AppData\Local\Energia15\packages\energia\hardware\tivac\1.0.3\system/driverlib/libdriverlib.a(eeprom.o)
                                 0x71 (size before relaxing)
 .comment       0x000000ef       0x71 C:\Users\Quant\AppData\Local\Energia15\packages\energia\hardware\tivac\1.0.3\system/driverlib/libdriverlib.a(gpio.o)
 .comment       0x000000ef       0x71 C:\Users\Quant\AppData\Local\Energia15\packages\energia\hardware\tivac\1.0.3\system/driverlib/libdriverlib.a(sysctl.o)

.ARM.attributes
                0x00000000       0x39
 .ARM.attributes
                0x00000000       0x39 SnakeGame_Beta_0.07_4-16-2020.cpp.o
 .ARM.attributes
                0x00000039       0x39 Adafruit_GFX_Library\Adafruit_GFX.cpp.o
 .ARM.attributes
                0x00000072       0x39 Adafruit_GFX_Library\Adafruit_SPITFT.cpp.o
 .ARM.attributes
                0x000000ab       0x39 Adafruit_ST7735_and_ST7789_Library\Adafruit_ST7789.cpp.o
 .ARM.attributes
                0x000000e4       0x39 Adafruit_ST7735_and_ST7789_Library\Adafruit_ST77xx.cpp.o
 .ARM.attributes
                0x0000011d       0x39 spiE-TIVAC-SPI-master\spiE.cpp.o
 .ARM.attributes
                0x00000156       0x39 C:\Users\Quant\AppData\Local\Temp\VMBuilds\SnakeGame_Beta_0.07_4-16-2020\energia_energia_tivac_EK-TM4C123GXL\Debug/core.a(startup_gcc.c.o)
 .ARM.attributes
                0x0000018f       0x39 C:\Users\Quant\AppData\Local\Temp\VMBuilds\SnakeGame_Beta_0.07_4-16-2020\energia_energia_tivac_EK-TM4C123GXL\Debug/core.a(WInterrupts.c.o)
 .ARM.attributes
                0x000001c8       0x39 C:\Users\Quant\AppData\Local\Temp\VMBuilds\SnakeGame_Beta_0.07_4-16-2020\energia_energia_tivac_EK-TM4C123GXL\Debug/core.a(wiring.c.o)
 .ARM.attributes
                0x00000201       0x39 C:\Users\Quant\AppData\Local\Temp\VMBuilds\SnakeGame_Beta_0.07_4-16-2020\energia_energia_tivac_EK-TM4C123GXL\Debug/core.a(wiring_analog.c.o)
 .ARM.attributes
                0x0000023a       0x39 C:\Users\Quant\AppData\Local\Temp\VMBuilds\SnakeGame_Beta_0.07_4-16-2020\energia_energia_tivac_EK-TM4C123GXL\Debug/core.a(wiring_digital.c.o)
 .ARM.attributes
                0x00000273       0x39 C:\Users\Quant\AppData\Local\Temp\VMBuilds\SnakeGame_Beta_0.07_4-16-2020\energia_energia_tivac_EK-TM4C123GXL\Debug/core.a(HardwareSerial.cpp.o)
 .ARM.attributes
                0x000002ac       0x39 C:\Users\Quant\AppData\Local\Temp\VMBuilds\SnakeGame_Beta_0.07_4-16-2020\energia_energia_tivac_EK-TM4C123GXL\Debug/core.a(main.cpp.o)
 .ARM.attributes
                0x000002e5       0x39 C:\Users\Quant\AppData\Local\Temp\VMBuilds\SnakeGame_Beta_0.07_4-16-2020\energia_energia_tivac_EK-TM4C123GXL\Debug/core.a(new.cpp.o)
 .ARM.attributes
                0x0000031e       0x39 C:\Users\Quant\AppData\Local\Temp\VMBuilds\SnakeGame_Beta_0.07_4-16-2020\energia_energia_tivac_EK-TM4C123GXL\Debug/core.a(Print.cpp.o)
 .ARM.attributes
                0x00000357       0x39 C:\Users\Quant\AppData\Local\Temp\VMBuilds\SnakeGame_Beta_0.07_4-16-2020\energia_energia_tivac_EK-TM4C123GXL\Debug/core.a(WMath.cpp.o)
 .ARM.attributes
                0x00000390       0x39 C:\Users\Quant\AppData\Local\Temp\VMBuilds\SnakeGame_Beta_0.07_4-16-2020\energia_energia_tivac_EK-TM4C123GXL\Debug/core.a(random.c.o)
 .ARM.attributes
                0x000003c9       0x3b C:\Users\Quant\AppData\Local\Energia15\packages\energia\hardware\tivac\1.0.3\system/driverlib/libdriverlib.a(eeprom.o)
 .ARM.attributes
                0x00000404       0x3b C:\Users\Quant\AppData\Local\Energia15\packages\energia\hardware\tivac\1.0.3\system/driverlib/libdriverlib.a(gpio.o)
 .ARM.attributes
                0x0000043f       0x3b C:\Users\Quant\AppData\Local\Energia15\packages\energia\hardware\tivac\1.0.3\system/driverlib/libdriverlib.a(sysctl.o)
 .ARM.attributes
                0x0000047a       0x34 c:/users/quant/appdata/local/energia15/packages/energia/tools/arm-none-eabi-gcc/6.3.1-20170620/bin/../lib/gcc/arm-none-eabi/6.3.1/../../../../arm-none-eabi/lib/thumb/v7e-m/fpv4-sp/hard\libc_nano.a(lib_a-malloc.o)
 .ARM.attributes
                0x000004ae       0x34 c:/users/quant/appdata/local/energia15/packages/energia/tools/arm-none-eabi-gcc/6.3.1-20170620/bin/../lib/gcc/arm-none-eabi/6.3.1/../../../../arm-none-eabi/lib/thumb/v7e-m/fpv4-sp/hard\libc_nano.a(lib_a-nano-freer.o)
 .ARM.attributes
                0x000004e2       0x34 c:/users/quant/appdata/local/energia15/packages/energia/tools/arm-none-eabi-gcc/6.3.1-20170620/bin/../lib/gcc/arm-none-eabi/6.3.1/../../../../arm-none-eabi/lib/thumb/v7e-m/fpv4-sp/hard\libc_nano.a(lib_a-nano-mallocr.o)
 .ARM.attributes
                0x00000516       0x34 c:/users/quant/appdata/local/energia15/packages/energia/tools/arm-none-eabi-gcc/6.3.1-20170620/bin/../lib/gcc/arm-none-eabi/6.3.1/../../../../arm-none-eabi/lib/thumb/v7e-m/fpv4-sp/hard\libc_nano.a(lib_a-sbrkr.o)
 .ARM.attributes
                0x0000054a       0x1b c:/users/quant/appdata/local/energia15/packages/energia/tools/arm-none-eabi-gcc/6.3.1-20170620/bin/../lib/gcc/arm-none-eabi/6.3.1/../../../../arm-none-eabi/lib/thumb/v7e-m/fpv4-sp/hard\libc_nano.a(lib_a-strlen.o)
 .ARM.attributes
                0x00000565       0x34 c:/users/quant/appdata/local/energia15/packages/energia/tools/arm-none-eabi-gcc/6.3.1-20170620/bin/../lib/gcc/arm-none-eabi/6.3.1/../../../../arm-none-eabi/lib/thumb/v7e-m/fpv4-sp/hard\libc_nano.a(lib_a-impure.o)
 .ARM.attributes
                0x00000599       0x34 c:/users/quant/appdata/local/energia15/packages/energia/tools/arm-none-eabi-gcc/6.3.1-20170620/bin/../lib/gcc/arm-none-eabi/6.3.1/../../../../arm-none-eabi/lib/thumb/v7e-m/fpv4-sp/hard\libc_nano.a(lib_a-mlock.o)
 .ARM.attributes
                0x000005cd       0x34 c:/users/quant/appdata/local/energia15/packages/energia/tools/arm-none-eabi-gcc/6.3.1-20170620/bin/../lib/gcc/arm-none-eabi/6.3.1/../../../../arm-none-eabi/lib/thumb/v7e-m/fpv4-sp/hard\libc_nano.a(lib_a-reent.o)

.debug_frame    0x00000000     0x2498
 .debug_frame   0x00000000      0x264 SnakeGame_Beta_0.07_4-16-2020.cpp.o